Archive member included to satisfy reference by file (symbol)

../Middlewares/ST/STM32_Audio/Addons/PDM/Lib\libPDMFilter_CM4_GCC_wc32.a(pdm_filter.o)
                              Core/Src/stm32f411e_discovery_audio.o (PDM_Filter_Init)
../Middlewares/ST/STM32_Audio/Addons/PDM/Lib\libPDMFilter_CM4_GCC_wc32.a(stm32_crc_lock.o)
                              ../Middlewares/ST/STM32_Audio/Addons/PDM/Lib\libPDMFilter_CM4_GCC_wc32.a(pdm_filter.o) (CRC_Lock)
c:/st/stm32cubeide_1.4.0/stm32cubeide/plugins/com.st.stm32cube.ide.mcu.externaltools.gnu-tools-for-stm32.7-2018-q2-update.win32_1.4.0.202007081208/tools/bin/../lib/gcc/arm-none-eabi/7.3.1/../../../../arm-none-eabi/lib/thumb/v7e-m/fpv4-sp/hard\libc_nano.a(lib_a-errno.o)
                              Core/Src/syscalls.o (__errno)
c:/st/stm32cubeide_1.4.0/stm32cubeide/plugins/com.st.stm32cube.ide.mcu.externaltools.gnu-tools-for-stm32.7-2018-q2-update.win32_1.4.0.202007081208/tools/bin/../lib/gcc/arm-none-eabi/7.3.1/../../../../arm-none-eabi/lib/thumb/v7e-m/fpv4-sp/hard\libc_nano.a(lib_a-exit.o)
                              c:/st/stm32cubeide_1.4.0/stm32cubeide/plugins/com.st.stm32cube.ide.mcu.externaltools.gnu-tools-for-stm32.7-2018-q2-update.win32_1.4.0.202007081208/tools/bin/../lib/gcc/arm-none-eabi/7.3.1/../../../../arm-none-eabi/lib/thumb/v7e-m/fpv4-sp/hard/crt0.o (exit)
c:/st/stm32cubeide_1.4.0/stm32cubeide/plugins/com.st.stm32cube.ide.mcu.externaltools.gnu-tools-for-stm32.7-2018-q2-update.win32_1.4.0.202007081208/tools/bin/../lib/gcc/arm-none-eabi/7.3.1/../../../../arm-none-eabi/lib/thumb/v7e-m/fpv4-sp/hard\libc_nano.a(lib_a-impure.o)
                              c:/st/stm32cubeide_1.4.0/stm32cubeide/plugins/com.st.stm32cube.ide.mcu.externaltools.gnu-tools-for-stm32.7-2018-q2-update.win32_1.4.0.202007081208/tools/bin/../lib/gcc/arm-none-eabi/7.3.1/../../../../arm-none-eabi/lib/thumb/v7e-m/fpv4-sp/hard\libc_nano.a(lib_a-exit.o) (_global_impure_ptr)
c:/st/stm32cubeide_1.4.0/stm32cubeide/plugins/com.st.stm32cube.ide.mcu.externaltools.gnu-tools-for-stm32.7-2018-q2-update.win32_1.4.0.202007081208/tools/bin/../lib/gcc/arm-none-eabi/7.3.1/../../../../arm-none-eabi/lib/thumb/v7e-m/fpv4-sp/hard\libc_nano.a(lib_a-init.o)
                              c:/st/stm32cubeide_1.4.0/stm32cubeide/plugins/com.st.stm32cube.ide.mcu.externaltools.gnu-tools-for-stm32.7-2018-q2-update.win32_1.4.0.202007081208/tools/bin/../lib/gcc/arm-none-eabi/7.3.1/../../../../arm-none-eabi/lib/thumb/v7e-m/fpv4-sp/hard/crt0.o (__libc_init_array)
c:/st/stm32cubeide_1.4.0/stm32cubeide/plugins/com.st.stm32cube.ide.mcu.externaltools.gnu-tools-for-stm32.7-2018-q2-update.win32_1.4.0.202007081208/tools/bin/../lib/gcc/arm-none-eabi/7.3.1/../../../../arm-none-eabi/lib/thumb/v7e-m/fpv4-sp/hard\libc_nano.a(lib_a-malloc.o)
                              Middlewares/ST/STM32_USB_Host_Library/Class/MSC/Src/usbh_msc.o (malloc)
c:/st/stm32cubeide_1.4.0/stm32cubeide/plugins/com.st.stm32cube.ide.mcu.externaltools.gnu-tools-for-stm32.7-2018-q2-update.win32_1.4.0.202007081208/tools/bin/../lib/gcc/arm-none-eabi/7.3.1/../../../../arm-none-eabi/lib/thumb/v7e-m/fpv4-sp/hard\libc_nano.a(lib_a-memcpy-stub.o)
                              Core/Src/wav_recorder.o (memcpy)
c:/st/stm32cubeide_1.4.0/stm32cubeide/plugins/com.st.stm32cube.ide.mcu.externaltools.gnu-tools-for-stm32.7-2018-q2-update.win32_1.4.0.202007081208/tools/bin/../lib/gcc/arm-none-eabi/7.3.1/../../../../arm-none-eabi/lib/thumb/v7e-m/fpv4-sp/hard\libc_nano.a(lib_a-memset.o)
                              c:/st/stm32cubeide_1.4.0/stm32cubeide/plugins/com.st.stm32cube.ide.mcu.externaltools.gnu-tools-for-stm32.7-2018-q2-update.win32_1.4.0.202007081208/tools/bin/../lib/gcc/arm-none-eabi/7.3.1/../../../../arm-none-eabi/lib/thumb/v7e-m/fpv4-sp/hard/crt0.o (memset)
c:/st/stm32cubeide_1.4.0/stm32cubeide/plugins/com.st.stm32cube.ide.mcu.externaltools.gnu-tools-for-stm32.7-2018-q2-update.win32_1.4.0.202007081208/tools/bin/../lib/gcc/arm-none-eabi/7.3.1/../../../../arm-none-eabi/lib/thumb/v7e-m/fpv4-sp/hard\libc_nano.a(lib_a-nano-freer.o)
                              c:/st/stm32cubeide_1.4.0/stm32cubeide/plugins/com.st.stm32cube.ide.mcu.externaltools.gnu-tools-for-stm32.7-2018-q2-update.win32_1.4.0.202007081208/tools/bin/../lib/gcc/arm-none-eabi/7.3.1/../../../../arm-none-eabi/lib/thumb/v7e-m/fpv4-sp/hard\libc_nano.a(lib_a-malloc.o) (_free_r)
c:/st/stm32cubeide_1.4.0/stm32cubeide/plugins/com.st.stm32cube.ide.mcu.externaltools.gnu-tools-for-stm32.7-2018-q2-update.win32_1.4.0.202007081208/tools/bin/../lib/gcc/arm-none-eabi/7.3.1/../../../../arm-none-eabi/lib/thumb/v7e-m/fpv4-sp/hard\libc_nano.a(lib_a-nano-mallocr.o)
                              c:/st/stm32cubeide_1.4.0/stm32cubeide/plugins/com.st.stm32cube.ide.mcu.externaltools.gnu-tools-for-stm32.7-2018-q2-update.win32_1.4.0.202007081208/tools/bin/../lib/gcc/arm-none-eabi/7.3.1/../../../../arm-none-eabi/lib/thumb/v7e-m/fpv4-sp/hard\libc_nano.a(lib_a-malloc.o) (_malloc_r)
[...]
Memory Configuration

Name             Origin             Length             Attributes
RAM              0x0000000020000000 0x0000000000020000 xrw
FLASH            0x0000000008000000 0x0000000000080000 xr
*default*        0x0000000000000000 0xffffffffffffffff

Linker script and memory map

LOAD c:/st/stm32cubeide_1.4.0/stm32cubeide/plugins/com.st.stm32cube.ide.mcu.externaltools.gnu-tools-for-stm32.7-2018-q2-update.win32_1.4.0.202007081208/tools/bin/../lib/gcc/arm-none-eabi/7.3.1/thumb/v7e-m/fpv4-sp/hard/crti.o
LOAD c:/st/stm32cubeide_1.4.0/stm32cubeide/plugins/com.st.stm32cube.ide.mcu.externaltools.gnu-tools-for-stm32.7-2018-q2-update.win32_1.4.0.202007081208/tools/bin/../lib/gcc/arm-none-eabi/7.3.1/thumb/v7e-m/fpv4-sp/hard/crtbegin.o
LOAD c:/st/stm32cubeide_1.4.0/stm32cubeide/plugins/com.st.stm32cube.ide.mcu.externaltools.gnu-tools-for-stm32.7-2018-q2-update.win32_1.4.0.202007081208/tools/bin/../lib/gcc/arm-none-eabi/7.3.1/../../../../arm-none-eabi/lib/thumb/v7e-m/fpv4-sp/hard/crt0.o
LOAD Core/Src/main.o
LOAD Core/Src/stm32f411e_discovery.o
LOAD Core/Src/stm32f411e_discovery_audio.o
LOAD Core/Src/stm32f4xx_hal_msp.o
LOAD Core/Src/stm32f4xx_it.o
LOAD Core/Src/syscalls.o
LOAD Core/Src/sysmem.o
LOAD Core/Src/system_stm32f4xx.o
LOAD Core/Src/wav_recorder.o
LOAD Core/Startup/startup_stm32f411vetx.o
LOAD Drivers/STM32F4xx_HAL_Driver/Src/stm32f4xx_hal.o
LOAD Drivers/STM32F4xx_HAL_Driver/Src/stm32f4xx_hal_cortex.o
LOAD Drivers/STM32F4xx_HAL_Driver/Src/stm32f4xx_hal_crc.o
LOAD Drivers/STM32F4xx_HAL_Driver/Src/stm32f4xx_hal_dma.o
LOAD Drivers/STM32F4xx_HAL_Driver/Src/stm32f4xx_hal_dma_ex.o
LOAD Drivers/STM32F4xx_HAL_Driver/Src/stm32f4xx_hal_exti.o
LOAD Drivers/STM32F4xx_HAL_Driver/Src/stm32f4xx_hal_flash.o
LOAD Drivers/STM32F4xx_HAL_Driver/Src/stm32f4xx_hal_flash_ex.o
LOAD Drivers/STM32F4xx_HAL_Driver/Src/stm32f4xx_hal_flash_ramfunc.o
LOAD Drivers/STM32F4xx_HAL_Driver/Src/stm32f4xx_hal_gpio.o
LOAD Drivers/STM32F4xx_HAL_Driver/Src/stm32f4xx_hal_hcd.o
LOAD Drivers/STM32F4xx_HAL_Driver/Src/stm32f4xx_hal_i2s.o
LOAD Drivers/STM32F4xx_HAL_Driver/Src/stm32f4xx_hal_i2s_ex.o
LOAD Drivers/STM32F4xx_HAL_Driver/Src/stm32f4xx_hal_pwr.o
LOAD Drivers/STM32F4xx_HAL_Driver/Src/stm32f4xx_hal_pwr_ex.o
LOAD Drivers/STM32F4xx_HAL_Driver/Src/stm32f4xx_hal_rcc.o
LOAD Drivers/STM32F4xx_HAL_Driver/Src/stm32f4xx_hal_rcc_ex.o
LOAD Drivers/STM32F4xx_HAL_Driver/Src/stm32f4xx_hal_tim.o
LOAD Drivers/STM32F4xx_HAL_Driver/Src/stm32f4xx_hal_tim_ex.o
LOAD Drivers/STM32F4xx_HAL_Driver/Src/stm32f4xx_hal_uart.o
LOAD Drivers/STM32F4xx_HAL_Driver/Src/stm32f4xx_ll_usb.o
LOAD FATFS/App/fatfs.o
LOAD FATFS/Target/usbh_diskio.o
LOAD Middlewares/ST/STM32_USB_Host_Library/Class/MSC/Src/usbh_msc.o
LOAD Middlewares/ST/STM32_USB_Host_Library/Class/MSC/Src/usbh_msc_bot.o
LOAD Middlewares/ST/STM32_USB_Host_Library/Class/MSC/Src/usbh_msc_scsi.o
LOAD Middlewares/ST/STM32_USB_Host_Library/Core/Src/usbh_core.o
LOAD Middlewares/ST/STM32_USB_Host_Library/Core/Src/usbh_ctlreq.o
LOAD Middlewares/ST/STM32_USB_Host_Library/Core/Src/usbh_ioreq.o
LOAD Middlewares/ST/STM32_USB_Host_Library/Core/Src/usbh_pipes.o
LOAD Middlewares/Third_Party/FatFs/src/diskio.o
LOAD Middlewares/Third_Party/FatFs/src/ff.o
LOAD Middlewares/Third_Party/FatFs/src/ff_gen_drv.o
LOAD Middlewares/Third_Party/FatFs/src/option/syscall.o
LOAD PDM2PCM/App/pdm2pcm.o
LOAD USB_HOST/App/usb_host.o
LOAD USB_HOST/Target/usbh_conf.o
LOAD USB_HOST/Target/usbh_platform.o
LOAD ../Middlewares/ST/STM32_Audio/Addons/PDM/Lib\libPDMFilter_CM4_GCC_wc32.a
START GROUP
LOAD c:/st/stm32cubeide_1.4.0/stm32cubeide/plugins/com.st.stm32cube.ide.mcu.externaltools.gnu-tools-for-stm32.7-2018-q2-update.win32_1.4.0.202007081208/tools/bin/../lib/gcc/arm-none-eabi/7.3.1/../../../../arm-none-eabi/lib/thumb/v7e-m/fpv4-sp/hard\libc_nano.a
LOAD c:/st/stm32cubeide_1.4.0/stm32cubeide/plugins/com.st.stm32cube.ide.mcu.externaltools.gnu-tools-for-stm32.7-2018-q2-update.win32_1.4.0.202007081208/tools/bin/../lib/gcc/arm-none-eabi/7.3.1/../../../../arm-none-eabi/lib/thumb/v7e-m/fpv4-sp/hard\libm.a
END GROUP
START GROUP
LOAD c:/st/stm32cubeide_1.4.0/stm32cubeide/plugins/com.st.stm32cube.ide.mcu.externaltools.gnu-tools-for-stm32.7-2018-q2-update.win32_1.4.0.202007081208/tools/bin/../lib/gcc/arm-none-eabi/7.3.1/thumb/v7e-m/fpv4-sp/hard\libgcc.a
LOAD c:/st/stm32cubeide_1.4.0/stm32cubeide/plugins/com.st.stm32cube.ide.mcu.externaltools.gnu-tools-for-stm32.7-2018-q2-update.win32_1.4.0.202007081208/tools/bin/../lib/gcc/arm-none-eabi/7.3.1/../../../../arm-none-eabi/lib/thumb/v7e-m/fpv4-sp/hard\libc_nano.a
END GROUP
START GROUP
LOAD c:/st/stm32cubeide_1.4.0/stm32cubeide/plugins/com.st.stm32cube.ide.mcu.externaltools.gnu-tools-for-stm32.7-2018-q2-update.win32_1.4.0.202007081208/tools/bin/../lib/gcc/arm-none-eabi/7.3.1/thumb/v7e-m/fpv4-sp/hard\libgcc.a
LOAD c:/st/stm32cubeide_1.4.0/stm32cubeide/plugins/com.st.stm32cube.ide.mcu.externaltools.gnu-tools-for-stm32.7-2018-q2-update.win32_1.4.0.202007081208/tools/bin/../lib/gcc/arm-none-eabi/7.3.1/../../../../arm-none-eabi/lib/thumb/v7e-m/fpv4-sp/hard\libc_nano.a
LOAD c:/st/stm32cubeide_1.4.0/stm32cubeide/plugins/com.st.stm32cube.ide.mcu.externaltools.gnu-tools-for-stm32.7-2018-q2-update.win32_1.4.0.202007081208/tools/bin/../lib/gcc/arm-none-eabi/7.3.1/../../../../arm-none-eabi/lib/thumb/v7e-m/fpv4-sp/hard\libnosys.a
END GROUP
START GROUP
LOAD c:/st/stm32cubeide_1.4.0/stm32cubeide/plugins/com.st.stm32cube.ide.mcu.externaltools.gnu-tools-for-stm32.7-2018-q2-update.win32_1.4.0.202007081208/tools/bin/../lib/gcc/arm-none-eabi/7.3.1/thumb/v7e-m/fpv4-sp/hard\libgcc.a
LOAD c:/st/stm32cubeide_1.4.0/stm32cubeide/plugins/com.st.stm32cube.ide.mcu.externaltools.gnu-tools-for-stm32.7-2018-q2-update.win32_1.4.0.202007081208/tools/bin/../lib/gcc/arm-none-eabi/7.3.1/../../../../arm-none-eabi/lib/thumb/v7e-m/fpv4-sp/hard\libc_nano.a
LOAD c:/st/stm32cubeide_1.4.0/stm32cubeide/plugins/com.st.stm32cube.ide.mcu.externaltools.gnu-tools-for-stm32.7-2018-q2-update.win32_1.4.0.202007081208/tools/bin/../lib/gcc/arm-none-eabi/7.3.1/../../../../arm-none-eabi/lib/thumb/v7e-m/fpv4-sp/hard\libnosys.a
END GROUP
LOAD c:/st/stm32cubeide_1.4.0/stm32cubeide/plugins/com.st.stm32cube.ide.mcu.externaltools.gnu-tools-for-stm32.7-2018-q2-update.win32_1.4.0.202007081208/tools/bin/../lib/gcc/arm-none-eabi/7.3.1/thumb/v7e-m/fpv4-sp/hard/crtend.o
LOAD c:/st/stm32cubeide_1.4.0/stm32cubeide/plugins/com.st.stm32cube.ide.mcu.externaltools.gnu-tools-for-stm32.7-2018-q2-update.win32_1.4.0.202007081208/tools/bin/../lib/gcc/arm-none-eabi/7.3.1/thumb/v7e-m/fpv4-sp/hard/crtn.o
                0x0000000020020000                _estack = (ORIGIN (RAM) + LENGTH (RAM))
                0x0000000000000200                _Min_Heap_Size = 0x200
                0x0000000000000400                _Min_Stack_Size = 0x400

.isr_vector     0x0000000008000000      0x198
                0x0000000008000000                . = ALIGN (0x4)
 *(.isr_vector)
 .isr_vector    0x0000000008000000      0x198 Core/Startup/startup_stm32f411vetx.o
                0x0000000008000000                g_pfnVectors
                0x0000000008000198                . = ALIGN (0x4)

.text           0x00000000080001a0    0x10c64
                0x00000000080001a0                . = ALIGN (0x4)
 *(.text)
 .text          0x00000000080001a0       0x40 c:/st/stm32cubeide_1.4.0/stm32cubeide/plugins/com.st.stm32cube.ide.mcu.externaltools.gnu-tools-for-stm32.7-2018-q2-update.win32_1.4.0.202007081208/tools/bin/../lib/gcc/arm-none-eabi/7.3.1/thumb/v7e-m/fpv4-sp/hard/crtbegin.o
 .text          0x00000000080001e0       0x10 c:/st/stm32cubeide_1.4.0/stm32cubeide/plugins/com.st.stm32cube.ide.mcu.externaltools.gnu-tools-for-stm32.7-2018-q2-update.win32_1.4.0.202007081208/tools/bin/../lib/gcc/arm-none-eabi/7.3.1/../../../../arm-none-eabi/lib/thumb/v7e-m/fpv4-sp/hard\libc_nano.a(lib_a-strlen.o)
                0x00000000080001e0                strlen
 .text          0x00000000080001f0       0xa0 c:/st/stm32cubeide_1.4.0/stm32cubeide/plugins/com.st.stm32cube.ide.mcu.externaltools.gnu-tools-for-stm32.7-2018-q2-update.win32_1.4.0.202007081208/tools/bin/../lib/gcc/arm-none-eabi/7.3.1/../../../../arm-none-eabi/lib/thumb/v7e-m/fpv4-sp/hard\libc_nano.a(lib_a-memchr.o)
                0x00000000080001f0                memchr
 .text          0x0000000008000290      0x378 c:/st/stm32cubeide_1.4.0/stm32cubeide/plugins/com.st.stm32cube.ide.mcu.externaltools.gnu-tools-for-stm32.7-2018-q2-update.win32_1.4.0.202007081208/tools/bin/../lib/gcc/arm-none-eabi/7.3.1/thumb/v7e-m/fpv4-sp/hard\libgcc.a(_arm_addsubdf3.o)
                0x0000000008000290                __aeabi_drsub
                0x0000000008000298                __aeabi_dsub
                0x0000000008000298                __subdf3
                0x000000000800029c                __aeabi_dadd
                0x000000000800029c                __adddf3
                0x0000000008000514                __floatunsidf
                0x0000000008000514                __aeabi_ui2d
                0x0000000008000534                __floatsidf
                0x0000000008000534                __aeabi_i2d
                0x0000000008000558                __aeabi_f2d
                0x0000000008000558                __extendsfdf2
                0x000000000800059c                __floatundidf
                0x000000000800059c                __aeabi_ul2d
                0x00000000080005ac                __floatdidf
                0x00000000080005ac                __aeabi_l2d
 .text          0x0000000008000608       0xa0 c:/st/stm32cubeide_1.4.0/stm32cubeide/plugins/com.st.stm32cube.ide.mcu.externaltools.gnu-tools-for-stm32.7-2018-q2-update.win32_1.4.0.202007081208/tools/bin/../lib/gcc/arm-none-eabi/7.3.1/thumb/v7e-m/fpv4-sp/hard\libgcc.a(_arm_truncdfsf2.o)
                0x0000000008000608                __truncdfsf2
                0x0000000008000608                __aeabi_d2f
 .text          0x00000000080006a8       0x30 c:/st/stm32cubeide_1.4.0/stm32cubeide/plugins/com.st.stm32cube.ide.mcu.externaltools.gnu-tools-for-stm32.7-2018-q2-update.win32_1.4.0.202007081208/tools/bin/../lib/gcc/arm-none-eabi/7.3.1/thumb/v7e-m/fpv4-sp/hard\libgcc.a(_aeabi_uldivmod.o)
                0x00000000080006a8                __aeabi_uldivmod
 .text          0x00000000080006d8      0x2cc c:/st/stm32cubeide_1.4.0/stm32cubeide/plugins/com.st.stm32cube.ide.mcu.externaltools.gnu-tools-for-stm32.7-2018-q2-update.win32_1.4.0.202007081208/tools/bin/../lib/gcc/arm-none-eabi/7.3.1/thumb/v7e-m/fpv4-sp/hard\libgcc.a(_udivmoddi4.o)
                0x00000000080006d8                __udivmoddi4
 .text          0x00000000080009a4        0x4 c:/st/stm32cubeide_1.4.0/stm32cubeide/plugins/com.st.stm32cube.ide.mcu.externaltools.gnu-tools-for-stm32.7-2018-q2-update.win32_1.4.0.202007081208/tools/bin/../lib/gcc/arm-none-eabi/7.3.1/thumb/v7e-m/fpv4-sp/hard\libgcc.a(_dvmd_tls.o)
                0x00000000080009a4                __aeabi_idiv0
                0x00000000080009a4                __aeabi_ldiv0
 *(.text*)
 .text.Info_UART
                0x00000000080009a8       0x2c Core/Src/main.o
                0x00000000080009a8                Info_UART
 .text.HAL_GPIO_EXTI_Callback
                0x00000000080009d4       0x3c Core/Src/main.o
                0x00000000080009d4                HAL_GPIO_EXTI_Callback
 .text.main     0x0000000008000a10       0xfc Core/Src/main.o
                0x0000000008000a10                main
 .text.SystemClock_Config
                0x0000000008000b0c      0x108 Core/Src/main.o
                0x0000000008000b0c                SystemClock_Config
 .text.MX_CRC_Init
                0x0000000008000c14       0x38 Core/Src/main.o
 .text.MX_I2S2_Init
                0x0000000008000c4c       0x5c Core/Src/main.o
 .text.MX_USART2_UART_Init
                0x0000000008000ca8       0x54 Core/Src/main.o
 .text.MX_DMA_Init
                0x0000000008000cfc       0x40 Core/Src/main.o
 .text.MX_GPIO_Init
                0x0000000008000d3c      0x138 Core/Src/main.o
 .text.Error_Handler
                0x0000000008000e74        0x8 Core/Src/main.o
                0x0000000008000e74                Error_Handler
 .text.BSP_AUDIO_IN_Init
                0x0000000008000e7c       0x54 Core/Src/stm32f411e_discovery_audio.o
                0x0000000008000e7c                BSP_AUDIO_IN_Init
 .text.BSP_AUDIO_IN_Record
                0x0000000008000ed0       0x30 Core/Src/stm32f411e_discovery_audio.o
                0x0000000008000ed0                BSP_AUDIO_IN_Record
 .text.BSP_AUDIO_IN_Stop
                0x0000000008000f00       0x24 Core/Src/stm32f411e_discovery_audio.o
                0x0000000008000f00                BSP_AUDIO_IN_Stop
 .text.BSP_AUDIO_IN_PDMToPCM
                0x0000000008000f24       0xe8 Core/Src/stm32f411e_discovery_audio.o
                0x0000000008000f24                BSP_AUDIO_IN_PDMToPCM
 .text.HAL_I2S_RxCpltCallback
                0x000000000800100c       0x14 Core/Src/stm32f411e_discovery_audio.o
                0x000000000800100c                HAL_I2S_RxCpltCallback
 .text.HAL_I2S_RxHalfCpltCallback
                0x0000000008001020       0x14 Core/Src/stm32f411e_discovery_audio.o
                0x0000000008001020                HAL_I2S_RxHalfCpltCallback
 .text.BSP_AUDIO_IN_ClockConfig
                0x0000000008001034       0x60 Core/Src/stm32f411e_discovery_audio.o
                0x0000000008001034                BSP_AUDIO_IN_ClockConfig
 .text.BSP_AUDIO_IN_MspInit
                0x0000000008001094      0x15c Core/Src/stm32f411e_discovery_audio.o
                0x0000000008001094                BSP_AUDIO_IN_MspInit
 .text.BSP_AUDIO_IN_Error_Callback
                0x00000000080011f0        0xe Core/Src/stm32f411e_discovery_audio.o
                0x00000000080011f0                BSP_AUDIO_IN_Error_Callback
 *fill*         0x00000000080011fe        0x2 
 .text.PDMDecoder_Init
                0x0000000008001200      0x134 Core/Src/stm32f411e_discovery_audio.o
 .text.I2S2_Init
                0x0000000008001334       0x70 Core/Src/stm32f411e_discovery_audio.o
 .text.HAL_I2S_ErrorCallback
                0x00000000080013a4       0x24 Core/Src/stm32f411e_discovery_audio.o
                0x00000000080013a4                HAL_I2S_ErrorCallback
 .text.HAL_MspInit
                0x00000000080013c8       0x50 Core/Src/stm32f4xx_hal_msp.o
                0x00000000080013c8                HAL_MspInit
 .text.HAL_CRC_MspInit
                0x0000000008001418       0x44 Core/Src/stm32f4xx_hal_msp.o
                0x0000000008001418                HAL_CRC_MspInit
 .text.HAL_I2S_MspInit
                0x000000000800145c      0x13c Core/Src/stm32f4xx_hal_msp.o
                0x000000000800145c                HAL_I2S_MspInit
 .text.HAL_UART_MspInit
                0x0000000008001598       0x90 Core/Src/stm32f4xx_hal_msp.o
                0x0000000008001598                HAL_UART_MspInit
 .text.NMI_Handler
                0x0000000008001628        0x6 Core/Src/stm32f4xx_it.o
                0x0000000008001628                NMI_Handler
 .text.HardFault_Handler
                0x000000000800162e        0x6 Core/Src/stm32f4xx_it.o
                0x000000000800162e                HardFault_Handler
 .text.MemManage_Handler
                0x0000000008001634        0x6 Core/Src/stm32f4xx_it.o
                0x0000000008001634                MemManage_Handler
 .text.BusFault_Handler
                0x000000000800163a        0x6 Core/Src/stm32f4xx_it.o
                0x000000000800163a                BusFault_Handler
 .text.UsageFault_Handler
                0x0000000008001640        0x6 Core/Src/stm32f4xx_it.o
                0x0000000008001640                UsageFault_Handler
 .text.SVC_Handler
                0x0000000008001646        0xe Core/Src/stm32f4xx_it.o
                0x0000000008001646                SVC_Handler
 .text.DebugMon_Handler
                0x0000000008001654        0xe Core/Src/stm32f4xx_it.o
                0x0000000008001654                DebugMon_Handler
 .text.PendSV_Handler
                0x0000000008001662        0xe Core/Src/stm32f4xx_it.o
                0x0000000008001662                PendSV_Handler
 .text.SysTick_Handler
                0x0000000008001670       0x44 Core/Src/stm32f4xx_it.o
                0x0000000008001670                SysTick_Handler
 .text.EXTI0_IRQHandler
                0x00000000080016b4        0xe Core/Src/stm32f4xx_it.o
                0x00000000080016b4                EXTI0_IRQHandler
 *fill*         0x00000000080016c2        0x2 
 .text.DMA1_Stream3_IRQHandler
                0x00000000080016c4       0x14 Core/Src/stm32f4xx_it.o
                0x00000000080016c4                DMA1_Stream3_IRQHandler
 .text.OTG_FS_IRQHandler
                0x00000000080016d8       0x14 Core/Src/stm32f4xx_it.o
                0x00000000080016d8                OTG_FS_IRQHandler
 .text._sbrk    0x00000000080016ec       0x6c Core/Src/sysmem.o
                0x00000000080016ec                _sbrk
 .text.SystemInit
                0x0000000008001758       0x2c Core/Src/system_stm32f4xx.o
                0x0000000008001758                SystemInit
 .text.StopRecording
                0x0000000008001784        0xe Core/Src/wav_recorder.o
                0x0000000008001784                StopRecording
 *fill*         0x0000000008001792        0x2 
 .text.WavRecordingProcess
                0x0000000008001794      0x23c Core/Src/wav_recorder.o
                0x0000000008001794                WavRecordingProcess
 .text.WavFileHeaderInit
                0x00000000080019d0      0x1a6 Core/Src/wav_recorder.o
 *fill*         0x0000000008001b76        0x2 
 .text.WavFileHeaderUpdate
                0x0000000008001b78       0x90 Core/Src/wav_recorder.o
 .text.BSP_AUDIO_IN_TransferComplete_CallBack
                0x0000000008001c08       0x88 Core/Src/wav_recorder.o
                0x0000000008001c08                BSP_AUDIO_IN_TransferComplete_CallBack
 .text.BSP_AUDIO_IN_HalfTransfer_CallBack
                0x0000000008001c90       0x88 Core/Src/wav_recorder.o
                0x0000000008001c90                BSP_AUDIO_IN_HalfTransfer_CallBack
 .text.Reset_Handler
                0x0000000008001d18       0x50 Core/Startup/startup_stm32f411vetx.o
                0x0000000008001d18                Reset_Handler
 .text.Default_Handler
                0x0000000008001d68        0x2 Core/Startup/startup_stm32f411vetx.o
                0x0000000008001d68                RTC_Alarm_IRQHandler
                0x0000000008001d68                EXTI2_IRQHandler
                0x0000000008001d68                SPI4_IRQHandler
                0x0000000008001d68                TIM1_CC_IRQHandler
                0x0000000008001d68                DMA2_Stream5_IRQHandler
                0x0000000008001d68                DMA1_Stream5_IRQHandler
                0x0000000008001d68                PVD_IRQHandler
                0x0000000008001d68                SDIO_IRQHandler
                0x0000000008001d68                TAMP_STAMP_IRQHandler
                0x0000000008001d68                EXTI3_IRQHandler
                0x0000000008001d68                TIM1_UP_TIM10_IRQHandler
                0x0000000008001d68                I2C3_ER_IRQHandler
                0x0000000008001d68                I2C2_EV_IRQHandler
                0x0000000008001d68                DMA1_Stream2_IRQHandler
                0x0000000008001d68                FPU_IRQHandler
                0x0000000008001d68                DMA2_Stream2_IRQHandler
                0x0000000008001d68                SPI1_IRQHandler
                0x0000000008001d68                TIM1_BRK_TIM9_IRQHandler
                0x0000000008001d68                DMA2_Stream3_IRQHandler
                0x0000000008001d68                USART6_IRQHandler
                0x0000000008001d68                DMA2_Stream0_IRQHandler
                0x0000000008001d68                TIM4_IRQHandler
                0x0000000008001d68                I2C1_EV_IRQHandler
                0x0000000008001d68                DMA1_Stream6_IRQHandler
                0x0000000008001d68                DMA1_Stream1_IRQHandler
                0x0000000008001d68                TIM3_IRQHandler
                0x0000000008001d68                RCC_IRQHandler
                0x0000000008001d68                Default_Handler
                0x0000000008001d68                EXTI15_10_IRQHandler
                0x0000000008001d68                ADC_IRQHandler
                0x0000000008001d68                DMA1_Stream7_IRQHandler
                0x0000000008001d68                SPI5_IRQHandler
                0x0000000008001d68                TIM5_IRQHandler
                0x0000000008001d68                DMA2_Stream7_IRQHandler
                0x0000000008001d68                I2C3_EV_IRQHandler
                0x0000000008001d68                EXTI9_5_IRQHandler
                0x0000000008001d68                RTC_WKUP_IRQHandler
                0x0000000008001d68                SPI2_IRQHandler
                0x0000000008001d68                DMA1_Stream0_IRQHandler
                0x0000000008001d68                EXTI4_IRQHandler
                0x0000000008001d68                WWDG_IRQHandler
                0x0000000008001d68                TIM2_IRQHandler
                0x0000000008001d68                OTG_FS_WKUP_IRQHandler
                0x0000000008001d68                TIM1_TRG_COM_TIM11_IRQHandler
                0x0000000008001d68                EXTI1_IRQHandler
                0x0000000008001d68                USART2_IRQHandler
                0x0000000008001d68                I2C2_ER_IRQHandler
                0x0000000008001d68                DMA2_Stream1_IRQHandler
                0x0000000008001d68                FLASH_IRQHandler
                0x0000000008001d68                DMA2_Stream4_IRQHandler
                0x0000000008001d68                USART1_IRQHandler
                0x0000000008001d68                SPI3_IRQHandler
                0x0000000008001d68                DMA1_Stream4_IRQHandler
                0x0000000008001d68                I2C1_ER_IRQHandler
                0x0000000008001d68                DMA2_Stream6_IRQHandler
 *fill*         0x0000000008001d6a        0x2 
 .text.HAL_Init
                0x0000000008001d6c       0x44 Drivers/STM32F4xx_HAL_Driver/Src/stm32f4xx_hal.o
                0x0000000008001d6c                HAL_Init
 .text.HAL_InitTick
                0x0000000008001db0       0x60 Drivers/STM32F4xx_HAL_Driver/Src/stm32f4xx_hal.o
                0x0000000008001db0                HAL_InitTick
 .text.HAL_IncTick
                0x0000000008001e10       0x28 Drivers/STM32F4xx_HAL_Driver/Src/stm32f4xx_hal.o
                0x0000000008001e10                HAL_IncTick
 .text.HAL_GetTick
                0x0000000008001e38       0x18 Drivers/STM32F4xx_HAL_Driver/Src/stm32f4xx_hal.o
                0x0000000008001e38                HAL_GetTick
 .text.HAL_Delay
                0x0000000008001e50       0x44 Drivers/STM32F4xx_HAL_Driver/Src/stm32f4xx_hal.o
                0x0000000008001e50                HAL_Delay
 .text.__NVIC_SetPriorityGrouping
                0x0000000008001e94       0x48 Drivers/STM32F4xx_HAL_Driver/Src/stm32f4xx_hal_cortex.o
 .text.__NVIC_GetPriorityGrouping
                0x0000000008001edc       0x1c Drivers/STM32F4xx_HAL_Driver/Src/stm32f4xx_hal_cortex.o
 .text.__NVIC_EnableIRQ
                0x0000000008001ef8       0x3c Drivers/STM32F4xx_HAL_Driver/Src/stm32f4xx_hal_cortex.o
 .text.__NVIC_SetPriority
                0x0000000008001f34       0x54 Drivers/STM32F4xx_HAL_Driver/Src/stm32f4xx_hal_cortex.o
 .text.NVIC_EncodePriority
                0x0000000008001f88       0x66 Drivers/STM32F4xx_HAL_Driver/Src/stm32f4xx_hal_cortex.o
 *fill*         0x0000000008001fee        0x2 
 .text.SysTick_Config
                0x0000000008001ff0       0x44 Drivers/STM32F4xx_HAL_Driver/Src/stm32f4xx_hal_cortex.o
 .text.HAL_NVIC_SetPriorityGrouping
                0x0000000008002034       0x16 Drivers/STM32F4xx_HAL_Driver/Src/stm32f4xx_hal_cortex.o
                0x0000000008002034                HAL_NVIC_SetPriorityGrouping
 .text.HAL_NVIC_SetPriority
                0x000000000800204a       0x38 Drivers/STM32F4xx_HAL_Driver/Src/stm32f4xx_hal_cortex.o
                0x000000000800204a                HAL_NVIC_SetPriority
 .text.HAL_NVIC_EnableIRQ
                0x0000000008002082       0x1c Drivers/STM32F4xx_HAL_Driver/Src/stm32f4xx_hal_cortex.o
                0x0000000008002082                HAL_NVIC_EnableIRQ
 .text.HAL_SYSTICK_Config
                0x000000000800209e       0x18 Drivers/STM32F4xx_HAL_Driver/Src/stm32f4xx_hal_cortex.o
                0x000000000800209e                HAL_SYSTICK_Config
 .text.HAL_CRC_Init
                0x00000000080020b6       0x38 Drivers/STM32F4xx_HAL_Driver/Src/stm32f4xx_hal_crc.o
                0x00000000080020b6                HAL_CRC_Init
 *fill*         0x00000000080020ee        0x2 
 .text.HAL_DMA_Init
                0x00000000080020f0      0x15c Drivers/STM32F4xx_HAL_Driver/Src/stm32f4xx_hal_dma.o
                0x00000000080020f0                HAL_DMA_Init
 .text.HAL_DMA_DeInit
                0x000000000800224c       0xbc Drivers/STM32F4xx_HAL_Driver/Src/stm32f4xx_hal_dma.o
                0x000000000800224c                HAL_DMA_DeInit
 .text.HAL_DMA_Start_IT
                0x0000000008002308       0xb0 Drivers/STM32F4xx_HAL_Driver/Src/stm32f4xx_hal_dma.o
                0x0000000008002308                HAL_DMA_Start_IT
 .text.HAL_DMA_Abort
                0x00000000080023b8       0xe0 Drivers/STM32F4xx_HAL_Driver/Src/stm32f4xx_hal_dma.o
                0x00000000080023b8                HAL_DMA_Abort
 .text.HAL_DMA_IRQHandler
                0x0000000008002498      0x314 Drivers/STM32F4xx_HAL_Driver/Src/stm32f4xx_hal_dma.o
                0x0000000008002498                HAL_DMA_IRQHandler
 .text.DMA_SetConfig
                0x00000000080027ac       0x5c Drivers/STM32F4xx_HAL_Driver/Src/stm32f4xx_hal_dma.o
 .text.DMA_CalcBaseAndBitshift
                0x0000000008002808       0x6c Drivers/STM32F4xx_HAL_Driver/Src/stm32f4xx_hal_dma.o
 .text.DMA_CheckFifoParam
                0x0000000008002874       0xf4 Drivers/STM32F4xx_HAL_Driver/Src/stm32f4xx_hal_dma.o
 .text.HAL_GPIO_Init
                0x0000000008002968      0x304 Drivers/STM32F4xx_HAL_Driver/Src/stm32f4xx_hal_gpio.o
                0x0000000008002968                HAL_GPIO_Init
 .text.HAL_GPIO_WritePin
                0x0000000008002c6c       0x32 Drivers/STM32F4xx_HAL_Driver/Src/stm32f4xx_hal_gpio.o
                0x0000000008002c6c                HAL_GPIO_WritePin
 *fill*         0x0000000008002c9e        0x2 
 .text.HAL_GPIO_EXTI_IRQHandler
                0x0000000008002ca0       0x30 Drivers/STM32F4xx_HAL_Driver/Src/stm32f4xx_hal_gpio.o
                0x0000000008002ca0                HAL_GPIO_EXTI_IRQHandler
 .text.HAL_HCD_Init
                0x0000000008002cd0       0xc4 Drivers/STM32F4xx_HAL_Driver/Src/stm32f4xx_hal_hcd.o
                0x0000000008002cd0                HAL_HCD_Init
 .text.HAL_HCD_HC_Init
                0x0000000008002d94      0x130 Drivers/STM32F4xx_HAL_Driver/Src/stm32f4xx_hal_hcd.o
                0x0000000008002d94                HAL_HCD_HC_Init
 .text.HAL_HCD_HC_Halt
                0x0000000008002ec4       0x46 Drivers/STM32F4xx_HAL_Driver/Src/stm32f4xx_hal_hcd.o
                0x0000000008002ec4                HAL_HCD_HC_Halt
 *fill*         0x0000000008002f0a        0x2 
 .text.HAL_HCD_HC_SubmitRequest
                0x0000000008002f0c      0x2e4 Drivers/STM32F4xx_HAL_Driver/Src/stm32f4xx_hal_hcd.o
                0x0000000008002f0c                HAL_HCD_HC_SubmitRequest
 .text.HAL_HCD_IRQHandler
                0x00000000080031f0      0x208 Drivers/STM32F4xx_HAL_Driver/Src/stm32f4xx_hal_hcd.o
                0x00000000080031f0                HAL_HCD_IRQHandler
 .text.HAL_HCD_Start
                0x00000000080033f8       0x46 Drivers/STM32F4xx_HAL_Driver/Src/stm32f4xx_hal_hcd.o
                0x00000000080033f8                HAL_HCD_Start
 .text.HAL_HCD_Stop
                0x000000000800343e       0x3a Drivers/STM32F4xx_HAL_Driver/Src/stm32f4xx_hal_hcd.o
                0x000000000800343e                HAL_HCD_Stop
 .text.HAL_HCD_ResetPort
                0x0000000008003478       0x1c Drivers/STM32F4xx_HAL_Driver/Src/stm32f4xx_hal_hcd.o
                0x0000000008003478                HAL_HCD_ResetPort
 .text.HAL_HCD_HC_GetURBState
                0x0000000008003494       0x2a Drivers/STM32F4xx_HAL_Driver/Src/stm32f4xx_hal_hcd.o
                0x0000000008003494                HAL_HCD_HC_GetURBState
 .text.HAL_HCD_HC_GetXferCount
                0x00000000080034be       0x2a Drivers/STM32F4xx_HAL_Driver/Src/stm32f4xx_hal_hcd.o
                0x00000000080034be                HAL_HCD_HC_GetXferCount
 .text.HAL_HCD_GetCurrentFrame
                0x00000000080034e8       0x1c Drivers/STM32F4xx_HAL_Driver/Src/stm32f4xx_hal_hcd.o
                0x00000000080034e8                HAL_HCD_GetCurrentFrame
 .text.HAL_HCD_GetCurrentSpeed
                0x0000000008003504       0x1c Drivers/STM32F4xx_HAL_Driver/Src/stm32f4xx_hal_hcd.o
                0x0000000008003504                HAL_HCD_GetCurrentSpeed
 .text.HCD_HC_IN_IRQHandler
                0x0000000008003520      0x86a Drivers/STM32F4xx_HAL_Driver/Src/stm32f4xx_hal_hcd.o
 .text.HCD_HC_OUT_IRQHandler
                0x0000000008003d8a      0x6ea Drivers/STM32F4xx_HAL_Driver/Src/stm32f4xx_hal_hcd.o
 .text.HCD_RXQLVL_IRQHandler
                0x0000000008004474      0x158 Drivers/STM32F4xx_HAL_Driver/Src/stm32f4xx_hal_hcd.o
 .text.HCD_Port_IRQHandler
                0x00000000080045cc       0xe6 Drivers/STM32F4xx_HAL_Driver/Src/stm32f4xx_hal_hcd.o
 *fill*         0x00000000080046b2        0x2 
 .text.HAL_I2S_Init
                0x00000000080046b4      0x280 Drivers/STM32F4xx_HAL_Driver/Src/stm32f4xx_hal_i2s.o
                0x00000000080046b4                HAL_I2S_Init
 .text.HAL_I2S_Receive_DMA
                0x0000000008004934      0x178 Drivers/STM32F4xx_HAL_Driver/Src/stm32f4xx_hal_i2s.o
                0x0000000008004934                HAL_I2S_Receive_DMA
 .text.HAL_I2S_DMAStop
                0x0000000008004aac      0x3b4 Drivers/STM32F4xx_HAL_Driver/Src/stm32f4xx_hal_i2s.o
                0x0000000008004aac                HAL_I2S_DMAStop
 .text.HAL_I2S_TxCpltCallback
                0x0000000008004e60       0x14 Drivers/STM32F4xx_HAL_Driver/Src/stm32f4xx_hal_i2s.o
                0x0000000008004e60                HAL_I2S_TxCpltCallback
 .text.HAL_I2S_GetState
                0x0000000008004e74       0x1c Drivers/STM32F4xx_HAL_Driver/Src/stm32f4xx_hal_i2s.o
                0x0000000008004e74                HAL_I2S_GetState
 .text.I2S_DMARxCplt
                0x0000000008004e90       0x42 Drivers/STM32F4xx_HAL_Driver/Src/stm32f4xx_hal_i2s.o
 .text.I2S_DMARxHalfCplt
                0x0000000008004ed2       0x1c Drivers/STM32F4xx_HAL_Driver/Src/stm32f4xx_hal_i2s.o
 .text.I2S_DMAError
                0x0000000008004eee       0x4c Drivers/STM32F4xx_HAL_Driver/Src/stm32f4xx_hal_i2s.o
 .text.I2S_Transmit_IT
                0x0000000008004f3a       0x5c Drivers/STM32F4xx_HAL_Driver/Src/stm32f4xx_hal_i2s.o
 .text.I2S_Receive_IT
                0x0000000008004f96       0x5e Drivers/STM32F4xx_HAL_Driver/Src/stm32f4xx_hal_i2s.o
 .text.I2S_IRQHandler
                0x0000000008004ff4      0x114 Drivers/STM32F4xx_HAL_Driver/Src/stm32f4xx_hal_i2s.o
 .text.I2S_WaitFlagStateUntilTimeout
                0x0000000008005108       0x72 Drivers/STM32F4xx_HAL_Driver/Src/stm32f4xx_hal_i2s.o
 *fill*         0x000000000800517a        0x2 
 .text.HAL_I2SEx_FullDuplex_IRQHandler
                0x000000000800517c      0x2a8 Drivers/STM32F4xx_HAL_Driver/Src/stm32f4xx_hal_i2s_ex.o
                0x000000000800517c                HAL_I2SEx_FullDuplex_IRQHandler
 .text.HAL_I2SEx_TxRxCpltCallback
                0x0000000008005424       0x14 Drivers/STM32F4xx_HAL_Driver/Src/stm32f4xx_hal_i2s_ex.o
                0x0000000008005424                HAL_I2SEx_TxRxCpltCallback
 .text.I2SEx_TxISR_I2S
                0x0000000008005438       0x62 Drivers/STM32F4xx_HAL_Driver/Src/stm32f4xx_hal_i2s_ex.o
 *fill*         0x000000000800549a        0x2 
 .text.I2SEx_TxISR_I2SExt
                0x000000000800549c       0x98 Drivers/STM32F4xx_HAL_Driver/Src/stm32f4xx_hal_i2s_ex.o
 .text.I2SEx_RxISR_I2S
                0x0000000008005534       0x64 Drivers/STM32F4xx_HAL_Driver/Src/stm32f4xx_hal_i2s_ex.o
 .text.I2SEx_RxISR_I2SExt
                0x0000000008005598       0x98 Drivers/STM32F4xx_HAL_Driver/Src/stm32f4xx_hal_i2s_ex.o
 .text.HAL_RCC_OscConfig
                0x0000000008005630      0x4e0 Drivers/STM32F4xx_HAL_Driver/Src/stm32f4xx_hal_rcc.o
                0x0000000008005630                HAL_RCC_OscConfig
 .text.HAL_RCC_ClockConfig
                0x0000000008005b10      0x1cc Drivers/STM32F4xx_HAL_Driver/Src/stm32f4xx_hal_rcc.o
                0x0000000008005b10                HAL_RCC_ClockConfig
 .text.HAL_RCC_GetSysClockFreq
                0x0000000008005cdc      0x1b0 Drivers/STM32F4xx_HAL_Driver/Src/stm32f4xx_hal_rcc.o
                0x0000000008005cdc                HAL_RCC_GetSysClockFreq
 .text.HAL_RCC_GetHCLKFreq
                0x0000000008005e8c       0x18 Drivers/STM32F4xx_HAL_Driver/Src/stm32f4xx_hal_rcc.o
                0x0000000008005e8c                HAL_RCC_GetHCLKFreq
 .text.HAL_RCC_GetPCLK1Freq
                0x0000000008005ea4       0x28 Drivers/STM32F4xx_HAL_Driver/Src/stm32f4xx_hal_rcc.o
                0x0000000008005ea4                HAL_RCC_GetPCLK1Freq
 .text.HAL_RCC_GetPCLK2Freq
                0x0000000008005ecc       0x28 Drivers/STM32F4xx_HAL_Driver/Src/stm32f4xx_hal_rcc.o
                0x0000000008005ecc                HAL_RCC_GetPCLK2Freq
 .text.HAL_RCCEx_PeriphCLKConfig
                0x0000000008005ef4      0x1e0 Drivers/STM32F4xx_HAL_Driver/Src/stm32f4xx_hal_rcc_ex.o
                0x0000000008005ef4                HAL_RCCEx_PeriphCLKConfig
 .text.HAL_RCCEx_GetPeriphCLKConfig
                0x00000000080060d4       0x84 Drivers/STM32F4xx_HAL_Driver/Src/stm32f4xx_hal_rcc_ex.o
                0x00000000080060d4                HAL_RCCEx_GetPeriphCLKConfig
 .text.HAL_RCCEx_GetPeriphCLKFreq
                0x0000000008006158       0xbc Drivers/STM32F4xx_HAL_Driver/Src/stm32f4xx_hal_rcc_ex.o
                0x0000000008006158                HAL_RCCEx_GetPeriphCLKFreq
 .text.HAL_UART_Init
                0x0000000008006214       0x9a Drivers/STM32F4xx_HAL_Driver/Src/stm32f4xx_hal_uart.o
                0x0000000008006214                HAL_UART_Init
 .text.HAL_UART_Transmit
                0x00000000080062ae      0x132 Drivers/STM32F4xx_HAL_Driver/Src/stm32f4xx_hal_uart.o
                0x00000000080062ae                HAL_UART_Transmit
 .text.UART_WaitOnFlagUntilTimeout
                0x00000000080063e0       0x94 Drivers/STM32F4xx_HAL_Driver/Src/stm32f4xx_hal_uart.o
 .text.UART_SetConfig
                0x0000000008006474      0x6f8 Drivers/STM32F4xx_HAL_Driver/Src/stm32f4xx_hal_uart.o
 .text.USB_CoreInit
                0x0000000008006b6c       0xc2 Drivers/STM32F4xx_HAL_Driver/Src/stm32f4xx_ll_usb.o
                0x0000000008006b6c                USB_CoreInit
 .text.USB_EnableGlobalInt
                0x0000000008006c2e       0x22 Drivers/STM32F4xx_HAL_Driver/Src/stm32f4xx_ll_usb.o
                0x0000000008006c2e                USB_EnableGlobalInt
 .text.USB_DisableGlobalInt
                0x0000000008006c50       0x22 Drivers/STM32F4xx_HAL_Driver/Src/stm32f4xx_ll_usb.o
                0x0000000008006c50                USB_DisableGlobalInt
 .text.USB_SetCurrentMode
                0x0000000008006c72       0x54 Drivers/STM32F4xx_HAL_Driver/Src/stm32f4xx_ll_usb.o
                0x0000000008006c72                USB_SetCurrentMode
 *fill*         0x0000000008006cc6        0x2 
 .text.USB_FlushTxFifo
                0x0000000008006cc8       0x4c Drivers/STM32F4xx_HAL_Driver/Src/stm32f4xx_ll_usb.o
                0x0000000008006cc8                USB_FlushTxFifo
 .text.USB_FlushRxFifo
                0x0000000008006d14       0x44 Drivers/STM32F4xx_HAL_Driver/Src/stm32f4xx_ll_usb.o
                0x0000000008006d14                USB_FlushRxFifo
 .text.USB_WritePacket
                0x0000000008006d58       0x6a Drivers/STM32F4xx_HAL_Driver/Src/stm32f4xx_ll_usb.o
                0x0000000008006d58                USB_WritePacket
 .text.USB_ReadPacket
                0x0000000008006dc2       0x52 Drivers/STM32F4xx_HAL_Driver/Src/stm32f4xx_ll_usb.o
                0x0000000008006dc2                USB_ReadPacket
 .text.USB_ReadInterrupts
                0x0000000008006e14       0x26 Drivers/STM32F4xx_HAL_Driver/Src/stm32f4xx_ll_usb.o
                0x0000000008006e14                USB_ReadInterrupts
 .text.USB_GetMode
                0x0000000008006e3a       0x1c Drivers/STM32F4xx_HAL_Driver/Src/stm32f4xx_ll_usb.o
                0x0000000008006e3a                USB_GetMode
 *fill*         0x0000000008006e56        0x2 
 .text.USB_CoreReset
                0x0000000008006e58       0x68 Drivers/STM32F4xx_HAL_Driver/Src/stm32f4xx_ll_usb.o
 .text.USB_HostInit
                0x0000000008006ec0      0x178 Drivers/STM32F4xx_HAL_Driver/Src/stm32f4xx_ll_usb.o
                0x0000000008006ec0                USB_HostInit
 .text.USB_InitFSLSPClkSel
                0x0000000008007038       0x74 Drivers/STM32F4xx_HAL_Driver/Src/stm32f4xx_ll_usb.o
                0x0000000008007038                USB_InitFSLSPClkSel
 .text.USB_ResetPort
                0x00000000080070ac       0x54 Drivers/STM32F4xx_HAL_Driver/Src/stm32f4xx_ll_usb.o
                0x00000000080070ac                USB_ResetPort
 .text.USB_DriveVbus
                0x0000000008007100       0x72 Drivers/STM32F4xx_HAL_Driver/Src/stm32f4xx_ll_usb.o
                0x0000000008007100                USB_DriveVbus
 .text.USB_GetHostSpeed
                0x0000000008007172       0x2e Drivers/STM32F4xx_HAL_Driver/Src/stm32f4xx_ll_usb.o
                0x0000000008007172                USB_GetHostSpeed
 .text.USB_GetCurrentFrame
                0x00000000080071a0       0x22 Drivers/STM32F4xx_HAL_Driver/Src/stm32f4xx_ll_usb.o
                0x00000000080071a0                USB_GetCurrentFrame
 *fill*         0x00000000080071c2        0x2 
 .text.USB_HC_Init
                0x00000000080071c4      0x214 Drivers/STM32F4xx_HAL_Driver/Src/stm32f4xx_ll_usb.o
                0x00000000080071c4                USB_HC_Init
 .text.USB_HC_StartXfer
                0x00000000080073d8      0x28c Drivers/STM32F4xx_HAL_Driver/Src/stm32f4xx_ll_usb.o
                0x00000000080073d8                USB_HC_StartXfer
 .text.USB_HC_ReadInterrupt
                0x0000000008007664       0x22 Drivers/STM32F4xx_HAL_Driver/Src/stm32f4xx_ll_usb.o
                0x0000000008007664                USB_HC_ReadInterrupt
 .text.USB_HC_Halt
                0x0000000008007686      0x1fe Drivers/STM32F4xx_HAL_Driver/Src/stm32f4xx_ll_usb.o
                0x0000000008007686                USB_HC_Halt
 .text.USB_DoPing
                0x0000000008007884       0x78 Drivers/STM32F4xx_HAL_Driver/Src/stm32f4xx_ll_usb.o
                0x0000000008007884                USB_DoPing
 .text.USB_StopHost
                0x00000000080078fc      0x10c Drivers/STM32F4xx_HAL_Driver/Src/stm32f4xx_ll_usb.o
                0x00000000080078fc                USB_StopHost
 .text.MX_FATFS_Init
                0x0000000008007a08       0x24 FATFS/App/fatfs.o
                0x0000000008007a08                MX_FATFS_Init
 .text.get_fattime
                0x0000000008007a2c       0x10 FATFS/App/fatfs.o
                0x0000000008007a2c                get_fattime
 .text.USBH_initialize
                0x0000000008007a3c       0x18 FATFS/Target/usbh_diskio.o
                0x0000000008007a3c                USBH_initialize
 .text.USBH_status
                0x0000000008007a54       0x38 FATFS/Target/usbh_diskio.o
                0x0000000008007a54                USBH_status
 .text.USBH_read
                0x0000000008007a8c       0x70 FATFS/Target/usbh_diskio.o
                0x0000000008007a8c                USBH_read
 .text.USBH_write
                0x0000000008007afc       0x84 FATFS/Target/usbh_diskio.o
                0x0000000008007afc                USBH_write
 .text.USBH_ioctl
                0x0000000008007b80       0xd8 FATFS/Target/usbh_diskio.o
                0x0000000008007b80                USBH_ioctl
 .text.USBH_MSC_InterfaceInit
                0x0000000008007c58      0x216 Middlewares/ST/STM32_USB_Host_Library/Class/MSC/Src/usbh_msc.o
 .text.USBH_MSC_InterfaceDeInit
                0x0000000008007e6e       0x8c Middlewares/ST/STM32_USB_Host_Library/Class/MSC/Src/usbh_msc.o
 .text.USBH_MSC_ClassRequest
                0x0000000008007efa       0xc8 Middlewares/ST/STM32_USB_Host_Library/Class/MSC/Src/usbh_msc.o
 *fill*         0x0000000008007fc2        0x2 
 .text.USBH_MSC_Process
                0x0000000008007fc4      0x520 Middlewares/ST/STM32_USB_Host_Library/Class/MSC/Src/usbh_msc.o
 .text.USBH_MSC_SOFProcess
                0x00000000080084e4       0x16 Middlewares/ST/STM32_USB_Host_Library/Class/MSC/Src/usbh_msc.o
 .text.USBH_MSC_RdWrProcess
                0x00000000080084fa      0x194 Middlewares/ST/STM32_USB_Host_Library/Class/MSC/Src/usbh_msc.o
 .text.USBH_MSC_UnitIsReady
                0x000000000800868e       0x4c Middlewares/ST/STM32_USB_Host_Library/Class/MSC/Src/usbh_msc.o
                0x000000000800868e                USBH_MSC_UnitIsReady
 .text.USBH_MSC_GetLUNInfo
                0x00000000080086da       0x48 Middlewares/ST/STM32_USB_Host_Library/Class/MSC/Src/usbh_msc.o
                0x00000000080086da                USBH_MSC_GetLUNInfo
 .text.USBH_MSC_Read
                0x0000000008008722       0xd2 Middlewares/ST/STM32_USB_Host_Library/Class/MSC/Src/usbh_msc.o
                0x0000000008008722                USBH_MSC_Read
 .text.USBH_MSC_Write
                0x00000000080087f4       0xd2 Middlewares/ST/STM32_USB_Host_Library/Class/MSC/Src/usbh_msc.o
                0x00000000080087f4                USBH_MSC_Write
 .text.USBH_MSC_BOT_REQ_Reset
                0x00000000080088c6       0x3a Middlewares/ST/STM32_USB_Host_Library/Class/MSC/Src/usbh_msc_bot.o
                0x00000000080088c6                USBH_MSC_BOT_REQ_Reset
 .text.USBH_MSC_BOT_REQ_GetMaxLUN
                0x0000000008008900       0x3c Middlewares/ST/STM32_USB_Host_Library/Class/MSC/Src/usbh_msc_bot.o
                0x0000000008008900                USBH_MSC_BOT_REQ_GetMaxLUN
 .text.USBH_MSC_BOT_Init
                0x000000000800893c       0x44 Middlewares/ST/STM32_USB_Host_Library/Class/MSC/Src/usbh_msc_bot.o
                0x000000000800893c                USBH_MSC_BOT_Init
 .text.USBH_MSC_BOT_Process
                0x0000000008008980      0x3a4 Middlewares/ST/STM32_USB_Host_Library/Class/MSC/Src/usbh_msc_bot.o
                0x0000000008008980                USBH_MSC_BOT_Process
 .text.USBH_MSC_BOT_Abort
                0x0000000008008d24       0x58 Middlewares/ST/STM32_USB_Host_Library/Class/MSC/Src/usbh_msc_bot.o
 .text.USBH_MSC_DecodeCSW
                0x0000000008008d7c       0x88 Middlewares/ST/STM32_USB_Host_Library/Class/MSC/Src/usbh_msc_bot.o
 .text.USBH_MSC_SCSI_TestUnitReady
                0x0000000008008e04       0x86 Middlewares/ST/STM32_USB_Host_Library/Class/MSC/Src/usbh_msc_scsi.o
                0x0000000008008e04                USBH_MSC_SCSI_TestUnitReady
 .text.USBH_MSC_SCSI_ReadCapacity
                0x0000000008008e8a       0xf6 Middlewares/ST/STM32_USB_Host_Library/Class/MSC/Src/usbh_msc_scsi.o
                0x0000000008008e8a                USBH_MSC_SCSI_ReadCapacity
 .text.USBH_MSC_SCSI_Inquiry
                0x0000000008008f80      0x14a Middlewares/ST/STM32_USB_Host_Library/Class/MSC/Src/usbh_msc_scsi.o
                0x0000000008008f80                USBH_MSC_SCSI_Inquiry
 .text.USBH_MSC_SCSI_RequestSense
                0x00000000080090ca       0xf2 Middlewares/ST/STM32_USB_Host_Library/Class/MSC/Src/usbh_msc_scsi.o
                0x00000000080090ca                USBH_MSC_SCSI_RequestSense
 .text.USBH_MSC_SCSI_Write
                0x00000000080091bc       0xd6 Middlewares/ST/STM32_USB_Host_Library/Class/MSC/Src/usbh_msc_scsi.o
                0x00000000080091bc                USBH_MSC_SCSI_Write
 .text.USBH_MSC_SCSI_Read
                0x0000000008009292       0xd6 Middlewares/ST/STM32_USB_Host_Library/Class/MSC/Src/usbh_msc_scsi.o
                0x0000000008009292                USBH_MSC_SCSI_Read
 .text.USBH_Init
                0x0000000008009368       0x74 Middlewares/ST/STM32_USB_Host_Library/Core/Src/usbh_core.o
                0x0000000008009368                USBH_Init
 .text.DeInitStateMachine
                0x00000000080093dc       0xa8 Middlewares/ST/STM32_USB_Host_Library/Core/Src/usbh_core.o
 .text.USBH_RegisterClass
                0x0000000008009484       0x54 Middlewares/ST/STM32_USB_Host_Library/Core/Src/usbh_core.o
                0x0000000008009484                USBH_RegisterClass
 .text.USBH_SelectInterface
                0x00000000080094d8       0x38 Middlewares/ST/STM32_USB_Host_Library/Core/Src/usbh_core.o
                0x00000000080094d8                USBH_SelectInterface
 .text.USBH_FindInterface
                0x0000000008009510       0x8c Middlewares/ST/STM32_USB_Host_Library/Core/Src/usbh_core.o
                0x0000000008009510                USBH_FindInterface
 .text.USBH_Start
                0x000000000800959c       0x20 Middlewares/ST/STM32_USB_Host_Library/Core/Src/usbh_core.o
                0x000000000800959c                USBH_Start
 .text.USBH_Process
                0x00000000080095bc      0x3c0 Middlewares/ST/STM32_USB_Host_Library/Core/Src/usbh_core.o
                0x00000000080095bc                USBH_Process
 .text.USBH_HandleEnum
                0x000000000800997c      0x3c8 Middlewares/ST/STM32_USB_Host_Library/Core/Src/usbh_core.o
 .text.USBH_LL_SetTimer
                0x0000000008009d44       0x1e Middlewares/ST/STM32_USB_Host_Library/Core/Src/usbh_core.o
                0x0000000008009d44                USBH_LL_SetTimer
 .text.USBH_LL_IncTimer
                0x0000000008009d62       0x24 Middlewares/ST/STM32_USB_Host_Library/Core/Src/usbh_core.o
                0x0000000008009d62                USBH_LL_IncTimer
 .text.USBH_HandleSof
                0x0000000008009d86       0x30 Middlewares/ST/STM32_USB_Host_Library/Core/Src/usbh_core.o
 .text.USBH_LL_PortEnabled
                0x0000000008009db6       0x1c Middlewares/ST/STM32_USB_Host_Library/Core/Src/usbh_core.o
                0x0000000008009db6                USBH_LL_PortEnabled
 .text.USBH_LL_PortDisabled
                0x0000000008009dd2       0x1c Middlewares/ST/STM32_USB_Host_Library/Core/Src/usbh_core.o
                0x0000000008009dd2                USBH_LL_PortDisabled
 .text.USBH_LL_Connect
                0x0000000008009dee       0x2e Middlewares/ST/STM32_USB_Host_Library/Core/Src/usbh_core.o
                0x0000000008009dee                USBH_LL_Connect
 .text.USBH_LL_Disconnect
                0x0000000008009e1c       0x48 Middlewares/ST/STM32_USB_Host_Library/Core/Src/usbh_core.o
                0x0000000008009e1c                USBH_LL_Disconnect
 .text.USBH_Get_DevDesc
                0x0000000008009e64       0x50 Middlewares/ST/STM32_USB_Host_Library/Core/Src/usbh_ctlreq.o
                0x0000000008009e64                USBH_Get_DevDesc
 .text.USBH_Get_CfgDesc
                0x0000000008009eb4       0x48 Middlewares/ST/STM32_USB_Host_Library/Core/Src/usbh_ctlreq.o
                0x0000000008009eb4                USBH_Get_CfgDesc
 .text.USBH_Get_StringDesc
                0x0000000008009efc       0x56 Middlewares/ST/STM32_USB_Host_Library/Core/Src/usbh_ctlreq.o
                0x0000000008009efc                USBH_Get_StringDesc
 .text.USBH_GetDescriptor
                0x0000000008009f52       0x6a Middlewares/ST/STM32_USB_Host_Library/Core/Src/usbh_ctlreq.o
                0x0000000008009f52                USBH_GetDescriptor
 .text.USBH_SetAddress
                0x0000000008009fbc       0x48 Middlewares/ST/STM32_USB_Host_Library/Core/Src/usbh_ctlreq.o
                0x0000000008009fbc                USBH_SetAddress
 .text.USBH_SetCfg
                0x000000000800a004       0x46 Middlewares/ST/STM32_USB_Host_Library/Core/Src/usbh_ctlreq.o
                0x000000000800a004                USBH_SetCfg
 .text.USBH_SetFeature
                0x000000000800a04a       0x48 Middlewares/ST/STM32_USB_Host_Library/Core/Src/usbh_ctlreq.o
                0x000000000800a04a                USBH_SetFeature
 .text.USBH_ClrFeature
                0x000000000800a092       0x48 Middlewares/ST/STM32_USB_Host_Library/Core/Src/usbh_ctlreq.o
                0x000000000800a092                USBH_ClrFeature
 .text.USBH_ParseDevDesc
                0x000000000800a0da       0xe0 Middlewares/ST/STM32_USB_Host_Library/Core/Src/usbh_ctlreq.o
 .text.USBH_ParseCfgDesc
                0x000000000800a1ba      0x144 Middlewares/ST/STM32_USB_Host_Library/Core/Src/usbh_ctlreq.o
 .text.USBH_ParseInterfaceDesc
                0x000000000800a2fe       0x5e Middlewares/ST/STM32_USB_Host_Library/Core/Src/usbh_ctlreq.o
 .text.USBH_ParseEPDesc
                0x000000000800a35c       0x5a Middlewares/ST/STM32_USB_Host_Library/Core/Src/usbh_ctlreq.o
 .text.USBH_ParseStringDesc
                0x000000000800a3b6       0x66 Middlewares/ST/STM32_USB_Host_Library/Core/Src/usbh_ctlreq.o
 .text.USBH_GetNextDesc
                0x000000000800a41c       0x36 Middlewares/ST/STM32_USB_Host_Library/Core/Src/usbh_ctlreq.o
                0x000000000800a41c                USBH_GetNextDesc
 .text.USBH_CtlReq
                0x000000000800a452       0x7a Middlewares/ST/STM32_USB_Host_Library/Core/Src/usbh_ctlreq.o
                0x000000000800a452                USBH_CtlReq
 .text.USBH_HandleControl
                0x000000000800a4cc      0x2ec Middlewares/ST/STM32_USB_Host_Library/Core/Src/usbh_ctlreq.o
 .text.USBH_CtlSendSetup
                0x000000000800a7b8       0x34 Middlewares/ST/STM32_USB_Host_Library/Core/Src/usbh_ioreq.o
                0x000000000800a7b8                USBH_CtlSendSetup
 .text.USBH_CtlSendData
                0x000000000800a7ec       0x4a Middlewares/ST/STM32_USB_Host_Library/Core/Src/usbh_ioreq.o
                0x000000000800a7ec                USBH_CtlSendData
 .text.USBH_CtlReceiveData
                0x000000000800a836       0x3c Middlewares/ST/STM32_USB_Host_Library/Core/Src/usbh_ioreq.o
                0x000000000800a836                USBH_CtlReceiveData
 .text.USBH_BulkSendData
                0x000000000800a872       0x4a Middlewares/ST/STM32_USB_Host_Library/Core/Src/usbh_ioreq.o
                0x000000000800a872                USBH_BulkSendData
 .text.USBH_BulkReceiveData
                0x000000000800a8bc       0x3c Middlewares/ST/STM32_USB_Host_Library/Core/Src/usbh_ioreq.o
                0x000000000800a8bc                USBH_BulkReceiveData
 .text.USBH_OpenPipe
                0x000000000800a8f8       0x3e Middlewares/ST/STM32_USB_Host_Library/Core/Src/usbh_pipes.o
                0x000000000800a8f8                USBH_OpenPipe
 .text.USBH_ClosePipe
                0x000000000800a936       0x20 Middlewares/ST/STM32_USB_Host_Library/Core/Src/usbh_pipes.o
                0x000000000800a936                USBH_ClosePipe
 .text.USBH_AllocPipe
                0x000000000800a956       0x42 Middlewares/ST/STM32_USB_Host_Library/Core/Src/usbh_pipes.o
                0x000000000800a956                USBH_AllocPipe
 .text.USBH_FreePipe
                0x000000000800a998       0x3c Middlewares/ST/STM32_USB_Host_Library/Core/Src/usbh_pipes.o
                0x000000000800a998                USBH_FreePipe
 .text.USBH_GetFreePipe
                0x000000000800a9d4       0x48 Middlewares/ST/STM32_USB_Host_Library/Core/Src/usbh_pipes.o
 .text.disk_status
                0x000000000800aa1c       0x34 Middlewares/Third_Party/FatFs/src/diskio.o
                0x000000000800aa1c                disk_status
 .text.disk_initialize
                0x000000000800aa50       0x4c Middlewares/Third_Party/FatFs/src/diskio.o
                0x000000000800aa50                disk_initialize
 .text.disk_read
                0x000000000800aa9c       0x40 Middlewares/Third_Party/FatFs/src/diskio.o
                0x000000000800aa9c                disk_read
 .text.disk_write
                0x000000000800aadc       0x40 Middlewares/Third_Party/FatFs/src/diskio.o
                0x000000000800aadc                disk_write
 .text.disk_ioctl
                0x000000000800ab1c       0x3c Middlewares/Third_Party/FatFs/src/diskio.o
                0x000000000800ab1c                disk_ioctl
 .text.ld_word  0x000000000800ab58       0x30 Middlewares/Third_Party/FatFs/src/ff.o
 .text.ld_dword
                0x000000000800ab88       0x46 Middlewares/Third_Party/FatFs/src/ff.o
 .text.st_word  0x000000000800abce       0x36 Middlewares/Third_Party/FatFs/src/ff.o
 .text.st_dword
                0x000000000800ac04       0x58 Middlewares/Third_Party/FatFs/src/ff.o
 .text.mem_cpy  0x000000000800ac5c       0x42 Middlewares/Third_Party/FatFs/src/ff.o
 .text.mem_set  0x000000000800ac9e       0x34 Middlewares/Third_Party/FatFs/src/ff.o
 .text.mem_cmp  0x000000000800acd2       0x4e Middlewares/Third_Party/FatFs/src/ff.o
 .text.chk_chr  0x000000000800ad20       0x36 Middlewares/Third_Party/FatFs/src/ff.o
 *fill*         0x000000000800ad56        0x2 
 .text.chk_lock
                0x000000000800ad58       0xb8 Middlewares/Third_Party/FatFs/src/ff.o
 .text.enq_lock
                0x000000000800ae10       0x44 Middlewares/Third_Party/FatFs/src/ff.o
 .text.inc_lock
                0x000000000800ae54      0x11c Middlewares/Third_Party/FatFs/src/ff.o
 .text.dec_lock
                0x000000000800af70       0x78 Middlewares/Third_Party/FatFs/src/ff.o
 .text.clear_lock
                0x000000000800afe8       0x48 Middlewares/Third_Party/FatFs/src/ff.o
 .text.sync_window
                0x000000000800b030       0x88 Middlewares/Third_Party/FatFs/src/ff.o
 .text.move_window
                0x000000000800b0b8       0x5a Middlewares/Third_Party/FatFs/src/ff.o
 *fill*         0x000000000800b112        0x2 
 .text.sync_fs  0x000000000800b114       0xe0 Middlewares/Third_Party/FatFs/src/ff.o
 .text.clust2sect
                0x000000000800b1f4       0x3e Middlewares/Third_Party/FatFs/src/ff.o
 .text.get_fat  0x000000000800b232      0x1a0 Middlewares/Third_Party/FatFs/src/ff.o
 .text.put_fat  0x000000000800b3d2      0x22e Middlewares/Third_Party/FatFs/src/ff.o
 .text.remove_chain
                0x000000000800b600       0xca Middlewares/Third_Party/FatFs/src/ff.o
 .text.create_chain
                0x000000000800b6ca      0x130 Middlewares/Third_Party/FatFs/src/ff.o
 .text.clmt_clust
                0x000000000800b7fa       0x70 Middlewares/Third_Party/FatFs/src/ff.o
 .text.dir_sdi  0x000000000800b86a      0x112 Middlewares/Third_Party/FatFs/src/ff.o
 .text.dir_next
                0x000000000800b97c      0x1ac Middlewares/Third_Party/FatFs/src/ff.o
 .text.dir_alloc
                0x000000000800bb28       0x8e Middlewares/Third_Party/FatFs/src/ff.o
 .text.ld_clust
                0x000000000800bbb6       0x3e Middlewares/Third_Party/FatFs/src/ff.o
 .text.st_clust
                0x000000000800bbf4       0x40 Middlewares/Third_Party/FatFs/src/ff.o
 .text.dir_read
                0x000000000800bc34       0xba Middlewares/Third_Party/FatFs/src/ff.o
 .text.dir_find
                0x000000000800bcee       0xaa Middlewares/Third_Party/FatFs/src/ff.o
 .text.dir_register
                0x000000000800bd98       0x64 Middlewares/Third_Party/FatFs/src/ff.o
 .text.dir_remove
                0x000000000800bdfc       0x3c Middlewares/Third_Party/FatFs/src/ff.o
 .text.create_name
                0x000000000800be38      0x128 Middlewares/Third_Party/FatFs/src/ff.o
 .text.follow_path
                0x000000000800bf60       0xec Middlewares/Third_Party/FatFs/src/ff.o
 .text.get_ldnumber
                0x000000000800c04c       0x88 Middlewares/Third_Party/FatFs/src/ff.o
 .text.check_fs
                0x000000000800c0d4       0xac Middlewares/Third_Party/FatFs/src/ff.o
 .text.find_volume
                0x000000000800c180      0x508 Middlewares/Third_Party/FatFs/src/ff.o
 .text.validate
                0x000000000800c688       0x6a Middlewares/Third_Party/FatFs/src/ff.o
 *fill*         0x000000000800c6f2        0x2 
 .text.f_mount  0x000000000800c6f4       0x8c Middlewares/Third_Party/FatFs/src/ff.o
                0x000000000800c6f4                f_mount
 .text.f_open   0x000000000800c780      0x398 Middlewares/Third_Party/FatFs/src/ff.o
                0x000000000800c780                f_open
 .text.f_write  0x000000000800cb18      0x328 Middlewares/Third_Party/FatFs/src/ff.o
                0x000000000800cb18                f_write
 .text.f_sync   0x000000000800ce40       0xfc Middlewares/Third_Party/FatFs/src/ff.o
                0x000000000800ce40                f_sync
 .text.f_close  0x000000000800cf3c       0x54 Middlewares/Third_Party/FatFs/src/ff.o
                0x000000000800cf3c                f_close
 .text.f_lseek  0x000000000800cf90      0x448 Middlewares/Third_Party/FatFs/src/ff.o
                0x000000000800cf90                f_lseek
 .text.f_unlink
                0x000000000800d3d8      0x156 Middlewares/Third_Party/FatFs/src/ff.o
                0x000000000800d3d8                f_unlink
 *fill*         0x000000000800d52e        0x2 
 .text.FATFS_LinkDriverEx
                0x000000000800d530       0x98 Middlewares/Third_Party/FatFs/src/ff_gen_drv.o
                0x000000000800d530                FATFS_LinkDriverEx
 .text.FATFS_LinkDriver
                0x000000000800d5c8       0x1e Middlewares/Third_Party/FatFs/src/ff_gen_drv.o
                0x000000000800d5c8                FATFS_LinkDriver
 *fill*         0x000000000800d5e6        0x2 
 .text.MX_PDM2PCM_Init
                0x000000000800d5e8       0x54 PDM2PCM/App/pdm2pcm.o
                0x000000000800d5e8                MX_PDM2PCM_Init
 .text.MX_USB_HOST_Init
                0x000000000800d63c       0x4c USB_HOST/App/usb_host.o
                0x000000000800d63c                MX_USB_HOST_Init
 .text.MX_USB_HOST_Process
                0x000000000800d688       0x14 USB_HOST/App/usb_host.o
                0x000000000800d688                MX_USB_HOST_Process
 .text.USBH_UserProcess
                0x000000000800d69c       0x5c USB_HOST/App/usb_host.o
 .text.HAL_HCD_MspInit
                0x000000000800d6f8       0xc4 USB_HOST/Target/usbh_conf.o
                0x000000000800d6f8                HAL_HCD_MspInit
 .text.HAL_HCD_SOF_Callback
                0x000000000800d7bc       0x1c USB_HOST/Target/usbh_conf.o
                0x000000000800d7bc                HAL_HCD_SOF_Callback
 .text.HAL_HCD_Connect_Callback
                0x000000000800d7d8       0x1c USB_HOST/Target/usbh_conf.o
                0x000000000800d7d8                HAL_HCD_Connect_Callback
 .text.HAL_HCD_Disconnect_Callback
                0x000000000800d7f4       0x1c USB_HOST/Target/usbh_conf.o
                0x000000000800d7f4                HAL_HCD_Disconnect_Callback
 .text.HAL_HCD_HC_NotifyURBChange_Callback
                0x000000000800d810       0x1c USB_HOST/Target/usbh_conf.o
                0x000000000800d810                HAL_HCD_HC_NotifyURBChange_Callback
 .text.HAL_HCD_PortEnabled_Callback
                0x000000000800d82c       0x1c USB_HOST/Target/usbh_conf.o
                0x000000000800d82c                HAL_HCD_PortEnabled_Callback
 .text.HAL_HCD_PortDisabled_Callback
                0x000000000800d848       0x1c USB_HOST/Target/usbh_conf.o
                0x000000000800d848                HAL_HCD_PortDisabled_Callback
 .text.USBH_LL_Init
                0x000000000800d864       0x78 USB_HOST/Target/usbh_conf.o
                0x000000000800d864                USBH_LL_Init
 .text.USBH_LL_Start
                0x000000000800d8dc       0x36 USB_HOST/Target/usbh_conf.o
                0x000000000800d8dc                USBH_LL_Start
 .text.USBH_LL_Stop
                0x000000000800d912       0x36 USB_HOST/Target/usbh_conf.o
                0x000000000800d912                USBH_LL_Stop
 .text.USBH_LL_GetSpeed
                0x000000000800d948       0x4a USB_HOST/Target/usbh_conf.o
                0x000000000800d948                USBH_LL_GetSpeed
 .text.USBH_LL_ResetPort
                0x000000000800d992       0x36 USB_HOST/Target/usbh_conf.o
                0x000000000800d992                USBH_LL_ResetPort
 .text.USBH_LL_GetLastXferSize
                0x000000000800d9c8       0x26 USB_HOST/Target/usbh_conf.o
                0x000000000800d9c8                USBH_LL_GetLastXferSize
 .text.USBH_LL_OpenPipe
                0x000000000800d9ee       0x5e USB_HOST/Target/usbh_conf.o
                0x000000000800d9ee                USBH_LL_OpenPipe
 .text.USBH_LL_ClosePipe
                0x000000000800da4c       0x3e USB_HOST/Target/usbh_conf.o
                0x000000000800da4c                USBH_LL_ClosePipe
 .text.USBH_LL_SubmitURB
                0x000000000800da8a       0x62 USB_HOST/Target/usbh_conf.o
                0x000000000800da8a                USBH_LL_SubmitURB
 .text.USBH_LL_GetURBState
                0x000000000800daec       0x26 USB_HOST/Target/usbh_conf.o
                0x000000000800daec                USBH_LL_GetURBState
 .text.USBH_LL_DriverVBUS
                0x000000000800db12       0x2e USB_HOST/Target/usbh_conf.o
                0x000000000800db12                USBH_LL_DriverVBUS
 .text.USBH_LL_SetToggle
                0x000000000800db40       0x66 USB_HOST/Target/usbh_conf.o
                0x000000000800db40                USBH_LL_SetToggle
 .text.USBH_LL_GetToggle
                0x000000000800dba6       0x66 USB_HOST/Target/usbh_conf.o
                0x000000000800dba6                USBH_LL_GetToggle
 .text.USBH_Delay
                0x000000000800dc0c       0x16 USB_HOST/Target/usbh_conf.o
                0x000000000800dc0c                USBH_Delay
 *fill*         0x000000000800dc22        0x2 
 .text.USBH_Get_USB_Status
                0x000000000800dc24       0x58 USB_HOST/Target/usbh_conf.o
                0x000000000800dc24                USBH_Get_USB_Status
 .text.MX_DriverVbusFS
                0x000000000800dc7c       0x38 USB_HOST/Target/usbh_platform.o
                0x000000000800dc7c                MX_DriverVbusFS
 .text.D16_GENERIC
                0x000000000800dcb4      0x120 ../Middlewares/ST/STM32_Audio/Addons/PDM/Lib\libPDMFilter_CM4_GCC_wc32.a(pdm_filter.o)
 .text.D24_GENERIC
                0x000000000800ddd4      0x190 ../Middlewares/ST/STM32_Audio/Addons/PDM/Lib\libPDMFilter_CM4_GCC_wc32.a(pdm_filter.o)
 .text.D32_GENERIC
                0x000000000800df64      0x198 ../Middlewares/ST/STM32_Audio/Addons/PDM/Lib\libPDMFilter_CM4_GCC_wc32.a(pdm_filter.o)
 .text.D48_GENERIC
                0x000000000800e0fc      0x1ec ../Middlewares/ST/STM32_Audio/Addons/PDM/Lib\libPDMFilter_CM4_GCC_wc32.a(pdm_filter.o)
 .text.D64_GENERIC
                0x000000000800e2e8      0x220 ../Middlewares/ST/STM32_Audio/Addons/PDM/Lib\libPDMFilter_CM4_GCC_wc32.a(pdm_filter.o)
 .text.D80_GENERIC
                0x000000000800e508      0x2a0 ../Middlewares/ST/STM32_Audio/Addons/PDM/Lib\libPDMFilter_CM4_GCC_wc32.a(pdm_filter.o)
 .text.D128_GENERIC
                0x000000000800e7a8      0x3f0 ../Middlewares/ST/STM32_Audio/Addons/PDM/Lib\libPDMFilter_CM4_GCC_wc32.a(pdm_filter.o)
 .text.D16_1CH_HTONS_VOL_HP
                0x000000000800eb98       0xe4 ../Middlewares/ST/STM32_Audio/Addons/PDM/Lib\libPDMFilter_CM4_GCC_wc32.a(pdm_filter.o)
 .text.D24_1CH_HTONS_VOL_HP
                0x000000000800ec7c      0x138 ../Middlewares/ST/STM32_Audio/Addons/PDM/Lib\libPDMFilter_CM4_GCC_wc32.a(pdm_filter.o)
 .text.D32_1CH_HTONS_VOL_HP
                0x000000000800edb4      0x144 ../Middlewares/ST/STM32_Audio/Addons/PDM/Lib\libPDMFilter_CM4_GCC_wc32.a(pdm_filter.o)
 .text.D48_1CH_HTONS_VOL_HP
                0x000000000800eef8      0x16c ../Middlewares/ST/STM32_Audio/Addons/PDM/Lib\libPDMFilter_CM4_GCC_wc32.a(pdm_filter.o)
 .text.D64_1CH_HTONS_VOL_HP
                0x000000000800f064      0x1b8 ../Middlewares/ST/STM32_Audio/Addons/PDM/Lib\libPDMFilter_CM4_GCC_wc32.a(pdm_filter.o)
 .text.D80_1CH_HTONS_VOL_HP
                0x000000000800f21c      0x214 ../Middlewares/ST/STM32_Audio/Addons/PDM/Lib\libPDMFilter_CM4_GCC_wc32.a(pdm_filter.o)
 .text.D128_1CH_HTONS_VOL_HP
                0x000000000800f430      0x324 ../Middlewares/ST/STM32_Audio/Addons/PDM/Lib\libPDMFilter_CM4_GCC_wc32.a(pdm_filter.o)
 .text.PDM_Filter_Init
                0x000000000800f754      0x114 ../Middlewares/ST/STM32_Audio/Addons/PDM/Lib\libPDMFilter_CM4_GCC_wc32.a(pdm_filter.o)
                0x000000000800f754                PDM_Filter_Init
 .text.PDM_Filter_setConfig
                0x000000000800f868      0x1e4 ../Middlewares/ST/STM32_Audio/Addons/PDM/Lib\libPDMFilter_CM4_GCC_wc32.a(pdm_filter.o)
                0x000000000800f868                PDM_Filter_setConfig
 .text.PDM_Filter
                0x000000000800fa4c       0x38 ../Middlewares/ST/STM32_Audio/Addons/PDM/Lib\libPDMFilter_CM4_GCC_wc32.a(pdm_filter.o)
                0x000000000800fa4c                PDM_Filter
 .text.CRC_Lock
                0x000000000800fa84       0x7c ../Middlewares/ST/STM32_Audio/Addons/PDM/Lib\libPDMFilter_CM4_GCC_wc32.a(stm32_crc_lock.o)
                0x000000000800fa84                CRC_Lock
 .text.__errno  0x000000000800fb00        0xc c:/st/stm32cubeide_1.4.0/stm32cubeide/plugins/com.st.stm32cube.ide.mcu.externaltools.gnu-tools-for-stm32.7-2018-q2-update.win32_1.4.0.202007081208/tools/bin/../lib/gcc/arm-none-eabi/7.3.1/../../../../arm-none-eabi/lib/thumb/v7e-m/fpv4-sp/hard\libc_nano.a(lib_a-errno.o)
                0x000000000800fb00                __errno
 .text.__libc_init_array
                0x000000000800fb0c       0x48 c:/st/stm32cubeide_1.4.0/stm32cubeide/plugins/com.st.stm32cube.ide.mcu.externaltools.gnu-tools-for-stm32.7-2018-q2-update.win32_1.4.0.202007081208/tools/bin/../lib/gcc/arm-none-eabi/7.3.1/../../../../arm-none-eabi/lib/thumb/v7e-m/fpv4-sp/hard\libc_nano.a(lib_a-init.o)
                0x000000000800fb0c                __libc_init_array
 .text.malloc   0x000000000800fb54       0x10 c:/st/stm32cubeide_1.4.0/stm32cubeide/plugins/com.st.stm32cube.ide.mcu.externaltools.gnu-tools-for-stm32.7-2018-q2-update.win32_1.4.0.202007081208/tools/bin/../lib/gcc/arm-none-eabi/7.3.1/../../../../arm-none-eabi/lib/thumb/v7e-m/fpv4-sp/hard\libc_nano.a(lib_a-malloc.o)
                0x000000000800fb54                malloc
 .text.free     0x000000000800fb64       0x10 c:/st/stm32cubeide_1.4.0/stm32cubeide/plugins/com.st.stm32cube.ide.mcu.externaltools.gnu-tools-for-stm32.7-2018-q2-update.win32_1.4.0.202007081208/tools/bin/../lib/gcc/arm-none-eabi/7.3.1/../../../../arm-none-eabi/lib/thumb/v7e-m/fpv4-sp/hard\libc_nano.a(lib_a-malloc.o)
                0x000000000800fb64                free
 .text.memcpy   0x000000000800fb74       0x16 c:/st/stm32cubeide_1.4.0/stm32cubeide/plugins/com.st.stm32cube.ide.mcu.externaltools.gnu-tools-for-stm32.7-2018-q2-update.win32_1.4.0.202007081208/tools/bin/../lib/gcc/arm-none-eabi/7.3.1/../../../../arm-none-eabi/lib/thumb/v7e-m/fpv4-sp/hard\libc_nano.a(lib_a-memcpy-stub.o)
                0x000000000800fb74                memcpy
 .text.memset   0x000000000800fb8a       0x10 c:/st/stm32cubeide_1.4.0/stm32cubeide/plugins/com.st.stm32cube.ide.mcu.externaltools.gnu-tools-for-stm32.7-2018-q2-update.win32_1.4.0.202007081208/tools/bin/../lib/gcc/arm-none-eabi/7.3.1/../../../../arm-none-eabi/lib/thumb/v7e-m/fpv4-sp/hard\libc_nano.a(lib_a-memset.o)
                0x000000000800fb8a                memset
 *fill*         0x000000000800fb9a        0x2 
 .text._free_r  0x000000000800fb9c       0x9c c:/st/stm32cubeide_1.4.0/stm32cubeide/plugins/com.st.stm32cube.ide.mcu.externaltools.gnu-tools-for-stm32.7-2018-q2-update.win32_1.4.0.202007081208/tools/bin/../lib/gcc/arm-none-eabi/7.3.1/../../../../arm-none-eabi/lib/thumb/v7e-m/fpv4-sp/hard\libc_nano.a(lib_a-nano-freer.o)
                0x000000000800fb9c                _free_r
 .text._malloc_r
                0x000000000800fc38       0xb4 c:/st/stm32cubeide_1.4.0/stm32cubeide/plugins/com.st.stm32cube.ide.mcu.externaltools.gnu-tools-for-stm32.7-2018-q2-update.win32_1.4.0.202007081208/tools/bin/../lib/gcc/arm-none-eabi/7.3.1/../../../../arm-none-eabi/lib/thumb/v7e-m/fpv4-sp/hard\libc_nano.a(lib_a-nano-mallocr.o)
                0x000000000800fc38                _malloc_r
 .text._sbrk_r  0x000000000800fcec       0x20 c:/st/stm32cubeide_1.4.0/stm32cubeide/plugins/com.st.stm32cube.ide.mcu.externaltools.gnu-tools-for-stm32.7-2018-q2-update.win32_1.4.0.202007081208/tools/bin/../lib/gcc/arm-none-eabi/7.3.1/../../../../arm-none-eabi/lib/thumb/v7e-m/fpv4-sp/hard\libc_nano.a(lib_a-sbrkr.o)
                0x000000000800fcec                _sbrk_r
 .text.sprintf  0x000000000800fd0c       0x40 c:/st/stm32cubeide_1.4.0/stm32cubeide/plugins/com.st.stm32cube.ide.mcu.externaltools.gnu-tools-for-stm32.7-2018-q2-update.win32_1.4.0.202007081208/tools/bin/../lib/gcc/arm-none-eabi/7.3.1/../../../../arm-none-eabi/lib/thumb/v7e-m/fpv4-sp/hard\libc_nano.a(lib_a-sprintf.o)
                0x000000000800fd0c                siprintf
                0x000000000800fd0c                sprintf
 .text.__malloc_lock
                0x000000000800fd4c        0x2 c:/st/stm32cubeide_1.4.0/stm32cubeide/plugins/com.st.stm32cube.ide.mcu.externaltools.gnu-tools-for-stm32.7-2018-q2-update.win32_1.4.0.202007081208/tools/bin/../lib/gcc/arm-none-eabi/7.3.1/../../../../arm-none-eabi/lib/thumb/v7e-m/fpv4-sp/hard\libc_nano.a(lib_a-mlock.o)
                0x000000000800fd4c                __malloc_lock
 .text.__malloc_unlock
                0x000000000800fd4e        0x2 c:/st/stm32cubeide_1.4.0/stm32cubeide/plugins/com.st.stm32cube.ide.mcu.externaltools.gnu-tools-for-stm32.7-2018-q2-update.win32_1.4.0.202007081208/tools/bin/../lib/gcc/arm-none-eabi/7.3.1/../../../../arm-none-eabi/lib/thumb/v7e-m/fpv4-sp/hard\libc_nano.a(lib_a-mlock.o)
                0x000000000800fd4e                __malloc_unlock
 .text.__ssputs_r
                0x000000000800fd50       0xb4 c:/st/stm32cubeide_1.4.0/stm32cubeide/plugins/com.st.stm32cube.ide.mcu.externaltools.gnu-tools-for-stm32.7-2018-q2-update.win32_1.4.0.202007081208/tools/bin/../lib/gcc/arm-none-eabi/7.3.1/../../../../arm-none-eabi/lib/thumb/v7e-m/fpv4-sp/hard\libc_nano.a(lib_a-nano-svfprintf.o)
                0x000000000800fd50                __ssputs_r
 .text._svfprintf_r
                0x000000000800fe04      0x1f0 c:/st/stm32cubeide_1.4.0/stm32cubeide/plugins/com.st.stm32cube.ide.mcu.externaltools.gnu-tools-for-stm32.7-2018-q2-update.win32_1.4.0.202007081208/tools/bin/../lib/gcc/arm-none-eabi/7.3.1/../../../../arm-none-eabi/lib/thumb/v7e-m/fpv4-sp/hard\libc_nano.a(lib_a-nano-svfprintf.o)
                0x000000000800fe04                _svfiprintf_r
                0x000000000800fe04                _svfprintf_r
 .text._printf_common
                0x000000000800fff4       0xea c:/st/stm32cubeide_1.4.0/stm32cubeide/plugins/com.st.stm32cube.ide.mcu.externaltools.gnu-tools-for-stm32.7-2018-q2-update.win32_1.4.0.202007081208/tools/bin/../lib/gcc/arm-none-eabi/7.3.1/../../../../arm-none-eabi/lib/thumb/v7e-m/fpv4-sp/hard\libc_nano.a(lib_a-nano-vfprintf_i.o)
                0x000000000800fff4                _printf_common
 *fill*         0x00000000080100de        0x2 
 .text._printf_i
                0x00000000080100e0      0x224 c:/st/stm32cubeide_1.4.0/stm32cubeide/plugins/com.st.stm32cube.ide.mcu.externaltools.gnu-tools-for-stm32.7-2018-q2-update.win32_1.4.0.202007081208/tools/bin/../lib/gcc/arm-none-eabi/7.3.1/../../../../arm-none-eabi/lib/thumb/v7e-m/fpv4-sp/hard\libc_nano.a(lib_a-nano-vfprintf_i.o)
                0x00000000080100e0                _printf_i
 .text.memmove  0x0000000008010304       0x32 c:/st/stm32cubeide_1.4.0/stm32cubeide/plugins/com.st.stm32cube.ide.mcu.externaltools.gnu-tools-for-stm32.7-2018-q2-update.win32_1.4.0.202007081208/tools/bin/../lib/gcc/arm-none-eabi/7.3.1/../../../../arm-none-eabi/lib/thumb/v7e-m/fpv4-sp/hard\libc_nano.a(lib_a-memmove.o)
                0x0000000008010304                memmove
 .text._realloc_r
                0x0000000008010336       0x4c c:/st/stm32cubeide_1.4.0/stm32cubeide/plugins/com.st.stm32cube.ide.mcu.externaltools.gnu-tools-for-stm32.7-2018-q2-update.win32_1.4.0.202007081208/tools/bin/../lib/gcc/arm-none-eabi/7.3.1/../../../../arm-none-eabi/lib/thumb/v7e-m/fpv4-sp/hard\libc_nano.a(lib_a-nano-reallocr.o)
                0x0000000008010336                _realloc_r
 .text._malloc_usable_size_r
                0x0000000008010382       0x10 c:/st/stm32cubeide_1.4.0/stm32cubeide/plugins/com.st.stm32cube.ide.mcu.externaltools.gnu-tools-for-stm32.7-2018-q2-update.win32_1.4.0.202007081208/tools/bin/../lib/gcc/arm-none-eabi/7.3.1/../../../../arm-none-eabi/lib/thumb/v7e-m/fpv4-sp/hard\libc_nano.a(lib_a-nano-msizer.o)
                0x0000000008010382                _malloc_usable_size_r
 *fill*         0x0000000008010392        0x2 
 .text.roundf   0x0000000008010394       0x4c c:/st/stm32cubeide_1.4.0/stm32cubeide/plugins/com.st.stm32cube.ide.mcu.externaltools.gnu-tools-for-stm32.7-2018-q2-update.win32_1.4.0.202007081208/tools/bin/../lib/gcc/arm-none-eabi/7.3.1/../../../../arm-none-eabi/lib/thumb/v7e-m/fpv4-sp/hard\libm.a(lib_a-sf_round.o)
                0x0000000008010394                roundf
 .text.powf     0x00000000080103e0      0x2c8 c:/st/stm32cubeide_1.4.0/stm32cubeide/plugins/com.st.stm32cube.ide.mcu.externaltools.gnu-tools-for-stm32.7-2018-q2-update.win32_1.4.0.202007081208/tools/bin/../lib/gcc/arm-none-eabi/7.3.1/../../../../arm-none-eabi/lib/thumb/v7e-m/fpv4-sp/hard\libm.a(lib_a-wf_pow.o)
                0x00000000080103e0                powf
 .text.__ieee754_powf
                0x00000000080106a8      0x580 c:/st/stm32cubeide_1.4.0/stm32cubeide/plugins/com.st.stm32cube.ide.mcu.externaltools.gnu-tools-for-stm32.7-2018-q2-update.win32_1.4.0.202007081208/tools/bin/../lib/gcc/arm-none-eabi/7.3.1/../../../../arm-none-eabi/lib/thumb/v7e-m/fpv4-sp/hard\libm.a(lib_a-ef_pow.o)
                0x00000000080106a8                __ieee754_powf
 .text.__ieee754_sqrtf
                0x0000000008010c28        0x6 c:/st/stm32cubeide_1.4.0/stm32cubeide/plugins/com.st.stm32cube.ide.mcu.externaltools.gnu-tools-for-stm32.7-2018-q2-update.win32_1.4.0.202007081208/tools/bin/../lib/gcc/arm-none-eabi/7.3.1/../../../../arm-none-eabi/lib/thumb/v7e-m/fpv4-sp/hard\libm.a(lib_a-ef_sqrt.o)
                0x0000000008010c28                __ieee754_sqrtf
 .text.matherr  0x0000000008010c2e        0x4 c:/st/stm32cubeide_1.4.0/stm32cubeide/plugins/com.st.stm32cube.ide.mcu.externaltools.gnu-tools-for-stm32.7-2018-q2-update.win32_1.4.0.202007081208/tools/bin/../lib/gcc/arm-none-eabi/7.3.1/../../../../arm-none-eabi/lib/thumb/v7e-m/fpv4-sp/hard\libm.a(lib_a-s_matherr.o)
                0x0000000008010c2e                matherr
 .text.fabsf    0x0000000008010c32        0xe c:/st/stm32cubeide_1.4.0/stm32cubeide/plugins/com.st.stm32cube.ide.mcu.externaltools.gnu-tools-for-stm32.7-2018-q2-update.win32_1.4.0.202007081208/tools/bin/../lib/gcc/arm-none-eabi/7.3.1/../../../../arm-none-eabi/lib/thumb/v7e-m/fpv4-sp/hard\libm.a(lib_a-sf_fabs.o)
                0x0000000008010c32                fabsf
 .text.finitef  0x0000000008010c40       0x14 c:/st/stm32cubeide_1.4.0/stm32cubeide/plugins/com.st.stm32cube.ide.mcu.externaltools.gnu-tools-for-stm32.7-2018-q2-update.win32_1.4.0.202007081208/tools/bin/../lib/gcc/arm-none-eabi/7.3.1/../../../../arm-none-eabi/lib/thumb/v7e-m/fpv4-sp/hard\libm.a(lib_a-sf_finite.o)
                0x0000000008010c40                finitef
 .text.nanf     0x0000000008010c54        0xc c:/st/stm32cubeide_1.4.0/stm32cubeide/plugins/com.st.stm32cube.ide.mcu.externaltools.gnu-tools-for-stm32.7-2018-q2-update.win32_1.4.0.202007081208/tools/bin/../lib/gcc/arm-none-eabi/7.3.1/../../../../arm-none-eabi/lib/thumb/v7e-m/fpv4-sp/hard\libm.a(lib_a-sf_nan.o)
                0x0000000008010c54                nanf
 .text.rintf    0x0000000008010c60       0xb4 c:/st/stm32cubeide_1.4.0/stm32cubeide/plugins/com.st.stm32cube.ide.mcu.externaltools.gnu-tools-for-stm32.7-2018-q2-update.win32_1.4.0.202007081208/tools/bin/../lib/gcc/arm-none-eabi/7.3.1/../../../../arm-none-eabi/lib/thumb/v7e-m/fpv4-sp/hard\libm.a(lib_a-sf_rint.o)
                0x0000000008010c60                rintf
 .text.scalbnf  0x0000000008010d14       0xc0 c:/st/stm32cubeide_1.4.0/stm32cubeide/plugins/com.st.stm32cube.ide.mcu.externaltools.gnu-tools-for-stm32.7-2018-q2-update.win32_1.4.0.202007081208/tools/bin/../lib/gcc/arm-none-eabi/7.3.1/../../../../arm-none-eabi/lib/thumb/v7e-m/fpv4-sp/hard\libm.a(lib_a-sf_scalbn.o)
                0x0000000008010d14                scalbnf
 .text.copysignf
                0x0000000008010dd4       0x18 c:/st/stm32cubeide_1.4.0/stm32cubeide/plugins/com.st.stm32cube.ide.mcu.externaltools.gnu-tools-for-stm32.7-2018-q2-update.win32_1.4.0.202007081208/tools/bin/../lib/gcc/arm-none-eabi/7.3.1/../../../../arm-none-eabi/lib/thumb/v7e-m/fpv4-sp/hard\libm.a(lib_a-sf_copysign.o)
                0x0000000008010dd4                copysignf
 *(.glue_7)
 .glue_7        0x0000000008010dec        0x0 linker stubs
 *(.glue_7t)
 .glue_7t       0x0000000008010dec        0x0 linker stubs
 *(.eh_frame)
 .eh_frame      0x0000000008010dec        0x0 c:/st/stm32cubeide_1.4.0/stm32cubeide/plugins/com.st.stm32cube.ide.mcu.externaltools.gnu-tools-for-stm32.7-2018-q2-update.win32_1.4.0.202007081208/tools/bin/../lib/gcc/arm-none-eabi/7.3.1/thumb/v7e-m/fpv4-sp/hard/crtbegin.o
 *(.init)
 .init          0x0000000008010dec        0x4 c:/st/stm32cubeide_1.4.0/stm32cubeide/plugins/com.st.stm32cube.ide.mcu.externaltools.gnu-tools-for-stm32.7-2018-q2-update.win32_1.4.0.202007081208/tools/bin/../lib/gcc/arm-none-eabi/7.3.1/thumb/v7e-m/fpv4-sp/hard/crti.o
                0x0000000008010dec                _init
 .init          0x0000000008010df0        0x8 c:/st/stm32cubeide_1.4.0/stm32cubeide/plugins/com.st.stm32cube.ide.mcu.externaltools.gnu-tools-for-stm32.7-2018-q2-update.win32_1.4.0.202007081208/tools/bin/../lib/gcc/arm-none-eabi/7.3.1/thumb/v7e-m/fpv4-sp/hard/crtn.o
 *(.fini)
 .fini          0x0000000008010df8        0x4 c:/st/stm32cubeide_1.4.0/stm32cubeide/plugins/com.st.stm32cube.ide.mcu.externaltools.gnu-tools-for-stm32.7-2018-q2-update.win32_1.4.0.202007081208/tools/bin/../lib/gcc/arm-none-eabi/7.3.1/thumb/v7e-m/fpv4-sp/hard/crti.o
                0x0000000008010df8                _fini
 .fini          0x0000000008010dfc        0x8 c:/st/stm32cubeide_1.4.0/stm32cubeide/plugins/com.st.stm32cube.ide.mcu.externaltools.gnu-tools-for-stm32.7-2018-q2-update.win32_1.4.0.202007081208/tools/bin/../lib/gcc/arm-none-eabi/7.3.1/thumb/v7e-m/fpv4-sp/hard/crtn.o
                0x0000000008010e04                . = ALIGN (0x4)
                0x0000000008010e04                _etext = .

.vfp11_veneer   0x0000000008010e04        0x0
 .vfp11_veneer  0x0000000008010e04        0x0 linker stubs

.v4_bx          0x0000000008010e04        0x0
 .v4_bx         0x0000000008010e04        0x0 linker stubs

.iplt           0x0000000008010e04        0x0
 .iplt          0x0000000008010e04        0x0 c:/st/stm32cubeide_1.4.0/stm32cubeide/plugins/com.st.stm32cube.ide.mcu.externaltools.gnu-tools-for-stm32.7-2018-q2-update.win32_1.4.0.202007081208/tools/bin/../lib/gcc/arm-none-eabi/7.3.1/thumb/v7e-m/fpv4-sp/hard/crtbegin.o

.rodata         0x0000000008010e04      0x530
                0x0000000008010e04                . = ALIGN (0x4)
 *(.rodata)
 .rodata        0x0000000008010e04       0xf1 Core/Src/main.o
 *fill*         0x0000000008010ef5        0x3 
 .rodata        0x0000000008010ef8      0x2ad Core/Src/wav_recorder.o
 *fill*         0x00000000080111a5        0x3 
 .rodata        0x00000000080111a8        0x4 Middlewares/ST/STM32_USB_Host_Library/Class/MSC/Src/usbh_msc.o
 .rodata        0x00000000080111ac       0x44 Middlewares/Third_Party/FatFs/src/ff.o
 .rodata        0x00000000080111f0       0x38 ../Middlewares/ST/STM32_Audio/Addons/PDM/Lib\libPDMFilter_CM4_GCC_wc32.a(pdm_filter.o)
 *(.rodata*)
 .rodata.AHBPrescTable
                0x0000000008011228       0x10 Core/Src/system_stm32f4xx.o
                0x0000000008011228                AHBPrescTable
 .rodata.APBPrescTable
                0x0000000008011238        0x8 Core/Src/system_stm32f4xx.o
                0x0000000008011238                APBPrescTable
 .rodata.flagBitshiftOffset.7909
                0x0000000008011240        0x8 Drivers/STM32F4xx_HAL_Driver/Src/stm32f4xx_hal_dma.o
 .rodata.USBH_Driver
                0x0000000008011248       0x14 FATFS/Target/usbh_diskio.o
                0x0000000008011248                USBH_Driver
 .rodata.ExCvt  0x000000000801125c       0x80 Middlewares/Third_Party/FatFs/src/ff.o
 .rodata._svfprintf_r.str1.1
                0x00000000080112dc       0x11 c:/st/stm32cubeide_1.4.0/stm32cubeide/plugins/com.st.stm32cube.ide.mcu.externaltools.gnu-tools-for-stm32.7-2018-q2-update.win32_1.4.0.202007081208/tools/bin/../lib/gcc/arm-none-eabi/7.3.1/../../../../arm-none-eabi/lib/thumb/v7e-m/fpv4-sp/hard\libc_nano.a(lib_a-nano-svfprintf.o)
 .rodata._printf_i.str1.1
                0x00000000080112ed       0x22 c:/st/stm32cubeide_1.4.0/stm32cubeide/plugins/com.st.stm32cube.ide.mcu.externaltools.gnu-tools-for-stm32.7-2018-q2-update.win32_1.4.0.202007081208/tools/bin/../lib/gcc/arm-none-eabi/7.3.1/../../../../arm-none-eabi/lib/thumb/v7e-m/fpv4-sp/hard\libc_nano.a(lib_a-nano-vfprintf_i.o)
 .rodata.powf.str1.1
                0x000000000801130f        0x5 c:/st/stm32cubeide_1.4.0/stm32cubeide/plugins/com.st.stm32cube.ide.mcu.externaltools.gnu-tools-for-stm32.7-2018-q2-update.win32_1.4.0.202007081208/tools/bin/../lib/gcc/arm-none-eabi/7.3.1/../../../../arm-none-eabi/lib/thumb/v7e-m/fpv4-sp/hard\libm.a(lib_a-wf_pow.o)
 .rodata.__ieee754_powf.str1.1
                0x0000000008011314        0x5 c:/st/stm32cubeide_1.4.0/stm32cubeide/plugins/com.st.stm32cube.ide.mcu.externaltools.gnu-tools-for-stm32.7-2018-q2-update.win32_1.4.0.202007081208/tools/bin/../lib/gcc/arm-none-eabi/7.3.1/../../../../arm-none-eabi/lib/thumb/v7e-m/fpv4-sp/hard\libm.a(lib_a-ef_pow.o)
                                          0x1 (size before relaxing)
 .rodata.bp     0x0000000008011314        0x8 c:/st/stm32cubeide_1.4.0/stm32cubeide/plugins/com.st.stm32cube.ide.mcu.externaltools.gnu-tools-for-stm32.7-2018-q2-update.win32_1.4.0.202007081208/tools/bin/../lib/gcc/arm-none-eabi/7.3.1/../../../../arm-none-eabi/lib/thumb/v7e-m/fpv4-sp/hard\libm.a(lib_a-ef_pow.o)
 .rodata.dp_h   0x000000000801131c        0x8 c:/st/stm32cubeide_1.4.0/stm32cubeide/plugins/com.st.stm32cube.ide.mcu.externaltools.gnu-tools-for-stm32.7-2018-q2-update.win32_1.4.0.202007081208/tools/bin/../lib/gcc/arm-none-eabi/7.3.1/../../../../arm-none-eabi/lib/thumb/v7e-m/fpv4-sp/hard\libm.a(lib_a-ef_pow.o)
 .rodata.dp_l   0x0000000008011324        0x8 c:/st/stm32cubeide_1.4.0/stm32cubeide/plugins/com.st.stm32cube.ide.mcu.externaltools.gnu-tools-for-stm32.7-2018-q2-update.win32_1.4.0.202007081208/tools/bin/../lib/gcc/arm-none-eabi/7.3.1/../../../../arm-none-eabi/lib/thumb/v7e-m/fpv4-sp/hard\libm.a(lib_a-ef_pow.o)
 .rodata.TWO23  0x000000000801132c        0x8 c:/st/stm32cubeide_1.4.0/stm32cubeide/plugins/com.st.stm32cube.ide.mcu.externaltools.gnu-tools-for-stm32.7-2018-q2-update.win32_1.4.0.202007081208/tools/bin/../lib/gcc/arm-none-eabi/7.3.1/../../../../arm-none-eabi/lib/thumb/v7e-m/fpv4-sp/hard\libm.a(lib_a-sf_rint.o)
                0x0000000008011334                . = ALIGN (0x4)

.ARM.extab      0x0000000008011334        0x0
                0x0000000008011334                . = ALIGN (0x4)
 *(.ARM.extab* .gnu.linkonce.armextab.*)
                0x0000000008011334                . = ALIGN (0x4)

.ARM            0x0000000008011334        0x8
                0x0000000008011334                . = ALIGN (0x4)
                0x0000000008011334                __exidx_start = .
 *(.ARM.exidx*)
 .ARM.exidx     0x0000000008011334        0x8 c:/st/stm32cubeide_1.4.0/stm32cubeide/plugins/com.st.stm32cube.ide.mcu.externaltools.gnu-tools-for-stm32.7-2018-q2-update.win32_1.4.0.202007081208/tools/bin/../lib/gcc/arm-none-eabi/7.3.1/thumb/v7e-m/fpv4-sp/hard\libgcc.a(_udivmoddi4.o)
                0x000000000801133c                __exidx_end = .
                0x000000000801133c                . = ALIGN (0x4)

.rel.dyn        0x000000000801133c        0x0
 .rel.iplt      0x000000000801133c        0x0 c:/st/stm32cubeide_1.4.0/stm32cubeide/plugins/com.st.stm32cube.ide.mcu.externaltools.gnu-tools-for-stm32.7-2018-q2-update.win32_1.4.0.202007081208/tools/bin/../lib/gcc/arm-none-eabi/7.3.1/thumb/v7e-m/fpv4-sp/hard/crtbegin.o

.preinit_array  0x000000000801133c        0x0
                0x000000000801133c                . = ALIGN (0x4)
                0x000000000801133c                PROVIDE (__preinit_array_start = .)
 *(.preinit_array*)
                0x000000000801133c                PROVIDE (__preinit_array_end = .)
                0x000000000801133c                . = ALIGN (0x4)

.init_array     0x000000000801133c        0x4
                0x000000000801133c                . = ALIGN (0x4)
                0x000000000801133c                PROVIDE (__init_array_start = .)
 *(SORT_BY_NAME(.init_array.*))
 *(.init_array*)
 .init_array    0x000000000801133c        0x4 c:/st/stm32cubeide_1.4.0/stm32cubeide/plugins/com.st.stm32cube.ide.mcu.externaltools.gnu-tools-for-stm32.7-2018-q2-update.win32_1.4.0.202007081208/tools/bin/../lib/gcc/arm-none-eabi/7.3.1/thumb/v7e-m/fpv4-sp/hard/crtbegin.o
                0x0000000008011340                PROVIDE (__init_array_end = .)
                0x0000000008011340                . = ALIGN (0x4)

.fini_array     0x0000000008011340        0x4
                0x0000000008011340                . = ALIGN (0x4)
                [!provide]                        PROVIDE (__fini_array_start = .)
 *(SORT_BY_NAME(.fini_array.*))
 *(.fini_array*)
 .fini_array    0x0000000008011340        0x4 c:/st/stm32cubeide_1.4.0/stm32cubeide/plugins/com.st.stm32cube.ide.mcu.externaltools.gnu-tools-for-stm32.7-2018-q2-update.win32_1.4.0.202007081208/tools/bin/../lib/gcc/arm-none-eabi/7.3.1/thumb/v7e-m/fpv4-sp/hard/crtbegin.o
                [!provide]                        PROVIDE (__fini_array_end = .)
                0x0000000008011344                . = ALIGN (0x4)
                0x0000000008011344                _sidata = LOADADDR (.data)

.data           0x0000000020000000      0x494 load address 0x0000000008011344
                0x0000000020000000                . = ALIGN (0x4)
                0x0000000020000000                _sdata = .
 *(.data)
 .data          0x0000000020000000      0x400 ../Middlewares/ST/STM32_Audio/Addons/PDM/Lib\libPDMFilter_CM4_GCC_wc32.a(pdm_filter.o)
 *(.data*)
 .data.SystemCoreClock
                0x0000000020000400        0x4 Core/Src/system_stm32f4xx.o
                0x0000000020000400                SystemCoreClock
 .data.uwTickPrio
                0x0000000020000404        0x4 Drivers/STM32F4xx_HAL_Driver/Src/stm32f4xx_hal.o
                0x0000000020000404                uwTickPrio
 .data.uwTickFreq
                0x0000000020000408        0x1 Drivers/STM32F4xx_HAL_Driver/Src/stm32f4xx_hal.o
                0x0000000020000408                uwTickFreq
 *fill*         0x0000000020000409        0x3 
 .data.USBH_msc
                0x000000002000040c       0x20 Middlewares/ST/STM32_USB_Host_Library/Class/MSC/Src/usbh_msc.o
                0x000000002000040c                USBH_msc
 .data._impure_ptr
                0x000000002000042c        0x4 c:/st/stm32cubeide_1.4.0/stm32cubeide/plugins/com.st.stm32cube.ide.mcu.externaltools.gnu-tools-for-stm32.7-2018-q2-update.win32_1.4.0.202007081208/tools/bin/../lib/gcc/arm-none-eabi/7.3.1/../../../../arm-none-eabi/lib/thumb/v7e-m/fpv4-sp/hard\libc_nano.a(lib_a-impure.o)
                0x000000002000042c                _impure_ptr
 .data.impure_data
                0x0000000020000430       0x60 c:/st/stm32cubeide_1.4.0/stm32cubeide/plugins/com.st.stm32cube.ide.mcu.externaltools.gnu-tools-for-stm32.7-2018-q2-update.win32_1.4.0.202007081208/tools/bin/../lib/gcc/arm-none-eabi/7.3.1/../../../../arm-none-eabi/lib/thumb/v7e-m/fpv4-sp/hard\libc_nano.a(lib_a-impure.o)
 .data.__fdlib_version
                0x0000000020000490        0x1 c:/st/stm32cubeide_1.4.0/stm32cubeide/plugins/com.st.stm32cube.ide.mcu.externaltools.gnu-tools-for-stm32.7-2018-q2-update.win32_1.4.0.202007081208/tools/bin/../lib/gcc/arm-none-eabi/7.3.1/../../../../arm-none-eabi/lib/thumb/v7e-m/fpv4-sp/hard\libm.a(lib_a-s_lib_ver.o)
                0x0000000020000490                __fdlib_version
                0x0000000020000494                . = ALIGN (0x4)
 *fill*         0x0000000020000491        0x3 
                0x0000000020000494                _edata = .

.igot.plt       0x0000000020000494        0x0 load address 0x00000000080117d8
 .igot.plt      0x0000000020000494        0x0 c:/st/stm32cubeide_1.4.0/stm32cubeide/plugins/com.st.stm32cube.ide.mcu.externaltools.gnu-tools-for-stm32.7-2018-q2-update.win32_1.4.0.202007081208/tools/bin/../lib/gcc/arm-none-eabi/7.3.1/thumb/v7e-m/fpv4-sp/hard/crtbegin.o
                0x0000000020000494                . = ALIGN (0x4)

.bss            0x0000000020000494     0x5bc0 load address 0x00000000080117d8
                0x0000000020000494                _sbss = .
                0x0000000020000494                __bss_start__ = _sbss
 *(.bss)
 .bss           0x0000000020000494       0x1c c:/st/stm32cubeide_1.4.0/stm32cubeide/plugins/com.st.stm32cube.ide.mcu.externaltools.gnu-tools-for-stm32.7-2018-q2-update.win32_1.4.0.202007081208/tools/bin/../lib/gcc/arm-none-eabi/7.3.1/thumb/v7e-m/fpv4-sp/hard/crtbegin.o
 .bss           0x00000000200004b0        0x1 ../Middlewares/ST/STM32_Audio/Addons/PDM/Lib\libPDMFilter_CM4_GCC_wc32.a(pdm_filter.o)
 *(.bss*)
 .bss.recordsCounter
                0x00000000200004b1        0x1 Core/Src/main.o
                0x00000000200004b1                recordsCounter
 *fill*         0x00000000200004b2        0x2 
 .bss.recordingStatus
                0x00000000200004b4        0x4 Core/Src/main.o
                0x00000000200004b4                recordingStatus
 .bss.hdma_i2sRx.7919
                0x00000000200004b8       0x60 Core/Src/stm32f411e_discovery_audio.o
 .bss.recordingTime
                0x0000000020000518        0x4 Core/Src/stm32f4xx_it.o
                0x0000000020000518                recordingTime
 .bss.__sbrk_heap_end
                0x000000002000051c        0x4 Core/Src/sysmem.o
 .bss.internalBuffer
                0x0000000020000520      0x100 Core/Src/wav_recorder.o
 .bss.PCMOutBuffer
                0x0000000020000620       0x40 Core/Src/wav_recorder.o
 .bss.dataReady
                0x0000000020000660        0x1 Core/Src/wav_recorder.o
                0x0000000020000660                dataReady
 *fill*         0x0000000020000661        0x3 
 .bss.bufferOffset
                0x0000000020000664        0x4 Core/Src/wav_recorder.o
                0x0000000020000664                bufferOffset
 .bss.counter   0x0000000020000668        0x4 Core/Src/wav_recorder.o
                0x0000000020000668                counter
 .bss.tmpreg.8065
                0x000000002000066c        0x4 Drivers/STM32F4xx_HAL_Driver/Src/stm32f4xx_ll_usb.o
 .bss.FatFs     0x0000000020000670        0x4 Middlewares/Third_Party/FatFs/src/ff.o
 .bss.Fsid      0x0000000020000674        0x2 Middlewares/Third_Party/FatFs/src/ff.o
 *fill*         0x0000000020000676        0x2 
 .bss.Files     0x0000000020000678       0x20 Middlewares/Third_Party/FatFs/src/ff.o
 .bss.disk      0x0000000020000698        0xc Middlewares/Third_Party/FatFs/src/ff_gen_drv.o
                0x0000000020000698                disk
 .bss.Appli_state
                0x00000000200006a4        0x1 USB_HOST/App/usb_host.o
                0x00000000200006a4                Appli_state
 *fill*         0x00000000200006a5        0x3 
 .bss.__malloc_free_list
                0x00000000200006a8        0x4 c:/st/stm32cubeide_1.4.0/stm32cubeide/plugins/com.st.stm32cube.ide.mcu.externaltools.gnu-tools-for-stm32.7-2018-q2-update.win32_1.4.0.202007081208/tools/bin/../lib/gcc/arm-none-eabi/7.3.1/../../../../arm-none-eabi/lib/thumb/v7e-m/fpv4-sp/hard\libc_nano.a(lib_a-nano-mallocr.o)
                0x00000000200006a8                __malloc_free_list
 .bss.__malloc_sbrk_start
                0x00000000200006ac        0x4 c:/st/stm32cubeide_1.4.0/stm32cubeide/plugins/com.st.stm32cube.ide.mcu.externaltools.gnu-tools-for-stm32.7-2018-q2-update.win32_1.4.0.202007081208/tools/bin/../lib/gcc/arm-none-eabi/7.3.1/../../../../arm-none-eabi/lib/thumb/v7e-m/fpv4-sp/hard\libc_nano.a(lib_a-nano-mallocr.o)
                0x00000000200006ac                __malloc_sbrk_start
 *(COMMON)
 COMMON         0x00000000200006b0       0xf0 Core/Src/main.o
                0x00000000200006b0                hcrc
                0x00000000200006b8                hdma_spi2_rx
                0x0000000020000718                huart2
                0x0000000020000758                hi2s2
 COMMON         0x00000000200007a0       0xec Core/Src/stm32f411e_discovery_audio.o
                0x00000000200007a0                PDM_FilterConfig
                0x00000000200007ac                PDM_FilterHandler
                0x0000000020000844                hAudioInI2s
 COMMON         0x000000002000088c     0x3064 Core/Src/wav_recorder.o
                0x000000002000088c                dataSize
                0x0000000020000890                recBuffer
                0x0000000020002890                header
                0x00000000200028bc                fresult
                0x00000000200028c0                WavFile
 COMMON         0x00000000200038f0        0x4 Drivers/STM32F4xx_HAL_Driver/Src/stm32f4xx_hal.o
                0x00000000200038f0                uwTick
 COMMON         0x00000000200038f4     0x2069 FATFS/App/fatfs.o
                0x00000000200038f4                USBHPath
                0x00000000200038f8                USBHFile
                0x0000000020004928                USBHFatFS
                0x000000002000595c                retUSBH