stm32f4xx_it.c:73:6:NMI_Handler	4	static
stm32f4xx_it.c:86:6:HardFault_Handler	4	static
stm32f4xx_it.c:99:6:MemManage_Handler	4	static
stm32f4xx_it.c:112:6:BusFault_Handler	4	static
stm32f4xx_it.c:125:6:UsageFault_Handler	4	static
stm32f4xx_it.c:138:6:SVC_Handler	4	static
stm32f4xx_it.c:150:6:DebugMon_Handler	4	static
stm32f4xx_it.c:162:6:PendSV_Handler	4	static
stm32f4xx_it.c:174:6:SysTick_Handler	8	static
stm32f4xx_it.c:203:6:EXTI0_IRQHandler	8	static
stm32f4xx_it.c:216:6:DMA1_Stream3_IRQHandler	8	static
stm32f4xx_it.c:229:6:OTG_FS_IRQHandler	8	static
