stm32f411e_discovery_audio.c:662:9:BSP_AUDIO_IN_Init	24	static
stm32f411e_discovery_audio.c:691:9:BSP_AUDIO_IN_Record	24	static
stm32f411e_discovery_audio.c:706:9:BSP_AUDIO_IN_Stop	16	static
stm32f411e_discovery_audio.c:722:9:BSP_AUDIO_IN_Pause	8	static
stm32f411e_discovery_audio.c:734:9:BSP_AUDIO_IN_Resume	8	static
stm32f411e_discovery_audio.c:748:9:BSP_AUDIO_IN_SetVolume	16	static
stm32f411e_discovery_audio.c:762:9:BSP_AUDIO_IN_PDMToPCM	152	static
stm32f411e_discovery_audio.c:790:6:HAL_I2S_RxCpltCallback	16	static
stm32f411e_discovery_audio.c:799:6:HAL_I2S_RxHalfCpltCallback	16	static
stm32f411e_discovery_audio.c:813:13:BSP_AUDIO_IN_ClockConfig	48	static
stm32f411e_discovery_audio.c:846:13:BSP_AUDIO_IN_MspInit	56	static
stm32f411e_discovery_audio.c:910:13:BSP_AUDIO_IN_MspDeInit	40	static
stm32f411e_discovery_audio.c:940:13:BSP_AUDIO_IN_TransferComplete_CallBack	4	static
stm32f411e_discovery_audio.c:949:13:BSP_AUDIO_IN_HalfTransfer_CallBack	4	static
stm32f411e_discovery_audio.c:958:13:BSP_AUDIO_IN_Error_Callback	4	static
stm32f411e_discovery_audio.c:974:13:PDMDecoder_Init	32	static
stm32f411e_discovery_audio.c:1006:16:I2S2_Init	16	static
stm32f411e_discovery_audio.c:1041:6:HAL_I2S_ErrorCallback	16	static
